# ------------------------------------------------------------
# 1. Leitura da biblioteca e da netlist
# ------------------------------------------------------------
read_netlist $SAED32_V -library
 Begin reading netlist ( /Tools/PDK/SAED32/EDK_Digital/lib/stdcell_rvt/verilog/saed32nm.v )...
 End parsing Verilog file /Tools/PDK/SAED32/EDK_Digital/lib/stdcell_rvt/verilog/saed32nm.v with 0 errors.
 End reading netlist: #modules=376, top=saed32_xbuf_lvt, #lines=30008, CPU_time=0.11 sec, Memory=2MB
read_netlist $NETLIST
 Begin reading netlist ( synth/netlist/filtro_pdm_syn.v )...
 End parsing Verilog file synth/netlist/filtro_pdm_syn.v with 0 errors.
 End reading netlist: #modules=2, top=filtro_pdm, #lines=16192, CPU_time=0.06 sec, Memory=4MB
run_build_model filtro_pdm
 ------------------------------------------------------------------------------
 Begin build model for topcut = filtro_pdm ...
 ------------------------------------------------------------------------------
 There were 48136 primitives and 176 faultable pins removed during model optimizations
 Warning: Rule B10 (unconnected module internal net) was violated 12 times.
 Warning: Rule N20 (underspecified UDP) was violated 2 times.
 End build model: #primitives=37368, CPU_time=0.09 sec, Memory=13MB
 ------------------------------------------------------------------------------
 Begin learning analyses...
 End learning analyses, total learning CPU time=0.37 sec.
 ------------------------------------------------------------------------------
# ------------------------------------------------------------
# 2. Verificacao das regras de teste (DRC)
# ------------------------------------------------------------
run_drc $SPF
 ------------------------------------------------------------------------------
 Begin scan design rules checking...
 ------------------------------------------------------------------------------
 Begin reading test protocol file synth/netlist/filtro_pdm_syn.spf...
 End parsing STIL file synth/netlist/filtro_pdm_syn.spf with 0 errors.
 Test protocol file reading completed, CPU time=0.00 sec.
 ------------------------------------------------------------------------------
 Begin simulating test protocol procedures...
 Test protocol simulation completed, CPU time=0.00 sec.
 ------------------------------------------------------------------------------
 Begin scan chain operation checking...
 Chain 1 successfully traced with 1332 scan_cells.
 Scan chain operation checking completed, CPU time=0.00 sec.
 ------------------------------------------------------------------------------
 Begin clock rules checking...
 Clock rules checking completed, CPU time=0.00 sec.
 Performing clock grouping analysis for 1 clock.
 Clock grouping results: #pairs=0, #groups=0, #serial_pairs=0, #disturbed_pairs=0, CPU time=0.01 sec.
 ------------------------------------------------------------------------------
 Begin tracing connection cones...
 Tracing connection cones completed, CPU time=0.00 sec.
 ------------------------------------------------------------------------------
 Begin nonscan rules checking...
 Nonscan cell summary: #DFF=0  #DLAT=0  #RAM_outs=0  tla_usage_type=none
 Nonscan rules checking completed, CPU time=0.00 sec.
 ------------------------------------------------------------------------------
 Begin DRC dependent learning...
 Fast-sequential depth results: control=0(0), observe=0(0), detect=0(0), CPU time=0.00 sec
 DRC dependent learning completed, CPU time=0.02 sec.
 ------------------------------------------------------------------------------
 Begin set operation for load unload constant latches...
 Set operation for load unload constant latches completed, CPU time=0.00 sec.
 ------------------------------------------------------------------------------
 DRC Summary Report
 ------------------------------------------------------------------------------
 No violations occurred during DRC process.
 Design rules checking was successful, total CPU time=0.03 sec.
 ------------------------------------------------------------------------------
report_rules -fail > atpg/reports/drc_rules.rpt
report_scan_chains > atpg/reports/scan_chains.rpt
# ------------------------------------------------------------
# 3. ATPG para falhas stuck-at
# ------------------------------------------------------------
set_faults -model stuck
add_faults -all
 70220 faults were added to fault list.
run_atpg -auto_compression
 
 ***********************************************************
 *  NOTICE:  The following DRC violations were previously  *
 *  encountered. The presence of these violations is an    *
 *  indicator that it is possible that the ATPG patterns   *
 *  created during this process may fail in simulation.    *
 *                                                         *
 *  Rules:  N20                                            *
 ***********************************************************
 ATPG performed for stuck fault model using internal pattern source.
 ----------------------------------------------------------
 #patterns     #faults     #ATPG faults  test      process
 stored     detect/active  red/au/abort  coverage  CPU time
 ---------  -------------  ------------  --------  --------
 Begin deterministic ATPG: #uncollapsed_faults=60609, abort_limit=10...
 31          54703   5905        1/0/23    91.59%     12.09
 55           4212   1693      1/0/1381    97.59%     17.23
 Pattern merging terminated due to truncated interval.
 55              0   1693      1/0/1382    97.59%     17.23
 
     Uncollapsed Stuck Fault Summary Report
 -----------------------------------------------
 fault class                     code   #faults
 ------------------------------  ----  ---------
 Detected                         DT      68526
 Possibly detected                PT          0
 Undetectable                     UD          1
 ATPG untestable                  AU          0
 Not detected                     ND       1693
 -----------------------------------------------
 total faults                             70220
 test coverage                            97.59%
 -----------------------------------------------
            Pattern Summary Report
 -----------------------------------------------
 #internal patterns                          55
     #basic_scan patterns                    55
 -----------------------------------------------
            CPU Usage Summary Report
 -----------------------------------------------
 Total CPU time                           17.24
 -----------------------------------------------
report_summaries > atpg/reports/stuck_summary.rpt
report_faults -summary > atpg/reports/stuck_faults.rpt
# ------------------------------------------------------------
# 4. Exportacao dos vetores e do testbench de simulacao
# ------------------------------------------------------------
write_patterns atpg/output/filtro_pdm_stuck.stil \
    -format stil -replace
 Patterns written reference 169 V statements, generating 74705 test cycles
 End writing file 'filtro_pdm_stuck.stil' with 55 patterns, File_size = 227746, CPU_time = 0.0 sec.
write_testbench \
    -input atpg/output/filtro_pdm_stuck.stil \
    -output atpg/output/filtro_pdm_stuck_tb \
    -replace
 Executing 'stil2verilog'...
puts "ATPG stuck-at: script executado ate o final."
ATPG stuck-at: script executado ate o final.
puts "Cobertura em atpg/reports/stuck_summary.rpt"
Cobertura em atpg/reports/stuck_summary.rpt
exit
