
                             Synopsys TestMAX (TM) 
                                  TetraMAX (R)

               Version X-2025.06-SP2 for linux64 - Aug 27, 2025  

                    Copyright (c) 1996 - 2025 Synopsys, Inc.
   This software and the associated documentation are proprietary to Synopsys,
 Inc. This software may only be used in accordance with the terms and conditions
 of a written license agreement with Synopsys, Inc. All other use, reproduction,
   or distribution of this software is strictly prohibited.  Licensed Products
     communicate with Synopsys servers for the purpose of providing software
    updates, detecting software piracy and verifying that customers are using
    Licensed Products in conformity with the applicable License Key for such
  Licensed Products. Synopsys will use information gathered in connection with
    this process to deliver software updates and pursue software pirates and
                                   infringers.

 Inclusivity & Diversity - Visit SolvNetPlus to read the "Synopsys Statement on
            Inclusivity and Diversity" (Refer to article 000036315 at
                        https://solvnetplus.synopsys.com)


 Tcl mode is on by default. Use -notcl to run in native mode.
 Executing startup file "/Tools/synopsys/syn/X-2025.06-SP2/admin/setup/tmaxtcl.rc".
# ============================================================
# atpg_transition.tcl
# Geracao automatica de vetores de teste (ATPG)
# Modelo de falhas: transition (atraso, slow-to-rise/fall)
# Projeto: Filtro PDM CIC + FIR
# Ferramenta: Synopsys TestMAX ATPG
#
# Uso (a partir da raiz do repositorio, apos atpg_stuck.tcl):
#
#   atpg/scripts/run_atpg.sh transition
#
# Lancamento pela captura (launch-on-capture): dois pulsos de
# clock funcional apos o shift, no mesmo clock do sistema.
#
# ATENCAO:
# Versao candidata, ainda nao validada no TestMAX ATPG.
# ============================================================
set SAED32_V /Tools/PDK/SAED32/EDK_Digital/lib/stdcell_rvt/verilog/saed32nm.v
/Tools/PDK/SAED32/EDK_Digital/lib/stdcell_rvt/verilog/saed32nm.v
set NETLIST  synth/netlist/filtro_pdm_syn.v
synth/netlist/filtro_pdm_syn.v
set SPF      synth/netlist/filtro_pdm_syn.spf
synth/netlist/filtro_pdm_syn.spf
file mkdir atpg/reports
file mkdir atpg/output
set_messages -log atpg/reports/atpg_transition.log -replace
# ------------------------------------------------------------
# 1. Leitura da biblioteca e da netlist
# ------------------------------------------------------------
read_netlist $SAED32_V -library
 Begin reading netlist ( /Tools/PDK/SAED32/EDK_Digital/lib/stdcell_rvt/verilog/saed32nm.v )...
 End parsing Verilog file /Tools/PDK/SAED32/EDK_Digital/lib/stdcell_rvt/verilog/saed32nm.v with 0 errors.
 End reading netlist: #modules=376, top=saed32_xbuf_lvt, #lines=30008, CPU_time=0.10 sec, Memory=2MB
read_netlist $NETLIST
 Begin reading netlist ( synth/netlist/filtro_pdm_syn.v )...
 End parsing Verilog file synth/netlist/filtro_pdm_syn.v with 0 errors.
 End reading netlist: #modules=2, top=filtro_pdm, #lines=16192, CPU_time=0.06 sec, Memory=4MB
run_build_model filtro_pdm
 ------------------------------------------------------------------------------
 Begin build model for topcut = filtro_pdm ...
 ------------------------------------------------------------------------------
 There were 48136 primitives and 176 faultable pins removed during model optimizations
 Warning: Rule B10 (unconnected module internal net) was violated 12 times.
 Warning: Rule N20 (underspecified UDP) was violated 2 times.
 End build model: #primitives=37368, CPU_time=0.09 sec, Memory=13MB
 ------------------------------------------------------------------------------
 Begin learning analyses...
 End learning analyses, total learning CPU time=0.35 sec.
 ------------------------------------------------------------------------------
# ------------------------------------------------------------
# 2. Verificacao das regras de teste (DRC)
# ------------------------------------------------------------
set_delay -launch_cycle system_clock
run_drc $SPF
 ------------------------------------------------------------------------------
 Begin scan design rules checking...
 ------------------------------------------------------------------------------
 Begin reading test protocol file synth/netlist/filtro_pdm_syn.spf...
 End parsing STIL file synth/netlist/filtro_pdm_syn.spf with 0 errors.
 Test protocol file reading completed, CPU time=0.00 sec.
 ------------------------------------------------------------------------------
 Begin simulating test protocol procedures...
 Test protocol simulation completed, CPU time=0.00 sec.
 ------------------------------------------------------------------------------
 Begin scan chain operation checking...
 Chain 1 successfully traced with 1332 scan_cells.
 Scan chain operation checking completed, CPU time=0.00 sec.
 ------------------------------------------------------------------------------
 Begin clock rules checking...
 Clock rules checking completed, CPU time=0.00 sec.
 Performing clock grouping analysis for 1 clock.
 Clock grouping results: #pairs=0, #groups=0, #serial_pairs=0, #disturbed_pairs=0, CPU time=0.01 sec.
 ------------------------------------------------------------------------------
 Begin tracing connection cones...
 Tracing connection cones completed, CPU time=0.00 sec.
 ------------------------------------------------------------------------------
 Begin nonscan rules checking...
 Nonscan cell summary: #DFF=0  #DLAT=0  #RAM_outs=0  tla_usage_type=none
 Nonscan rules checking completed, CPU time=0.00 sec.
 ------------------------------------------------------------------------------
 Begin DRC dependent learning...
 Fast-sequential depth results: control=0(0), observe=0(0), detect=0(0), CPU time=0.00 sec
 DRC dependent learning completed, CPU time=0.02 sec.
 ------------------------------------------------------------------------------
 Begin set operation for load unload constant latches...
 Set operation for load unload constant latches completed, CPU time=0.00 sec.
 ------------------------------------------------------------------------------
 DRC Summary Report
 ------------------------------------------------------------------------------
 No violations occurred during DRC process.
 Design rules checking was successful, total CPU time=0.03 sec.
 ------------------------------------------------------------------------------
# ------------------------------------------------------------
# 3. ATPG para falhas de transicao
# ------------------------------------------------------------
set_faults -model transition
add_faults -all
 64336 faults were added to fault list.
# Limite de tentativas por falha (padrao: 10).
# Com o padrao, ~1.400 falhas foram abandonadas (abort) e
# ficaram como "not detected". Um limite maior permite ao
# ATPG insistir nessas falhas.
set_atpg -abort_limit 200
run_atpg -auto_compression
 Warning: Unconstrained primary input scan_en used as SCAN ENABLE may change during at-speed cycles. (M487)
 
 ***********************************************************
 *  NOTICE:  The following DRC violations were previously  *
 *  encountered. The presence of these violations is an    *
 *  indicator that it is possible that the ATPG patterns   *
 *  created during this process may fail in simulation.    *
 *                                                         *
 *  Rules:  N20                                            *
 ***********************************************************
 ATPG performed for transition fault model using internal pattern source.
 ----------------------------------------------------------
 #patterns     #faults     #ATPG faults  test      process
 stored     detect/active  red/au/abort  coverage  CPU time
 ---------  -------------  ------------  --------  --------
 Begin deterministic ATPG: #uncollapsed_faults=59000, abort_limit=200...
 Optimized clock launch transition fault ATPG is enabled.
 31          44877  14123        0/0/21    78.05%     12.42
 63           5500   8620        1/2/57    86.60%     14.19
 95           5173   3444       1/5/438    94.64%     22.21
 127          1841   1603       1/5/864    97.50%     28.56
 135           125   1478      1/5/1359    97.69%     33.75
 
   Uncollapsed Transition Fault Summary Report
 -----------------------------------------------
 fault class                     code   #faults
 ------------------------------  ----  ---------
 Detected                         DT      62852
 Possibly detected                PT          0
 Undetectable                     UD          1
 ATPG untestable                  AU          5
 Not detected                     ND       1478
 -----------------------------------------------
 total faults                             64336
 test coverage                            97.69%
 -----------------------------------------------
            Pattern Summary Report
 -----------------------------------------------
 #internal patterns                         135
     #basic_scan patterns                     1
     #fast_sequential patterns              134
 -----------------------------------------------
            CPU Usage Summary Report
 -----------------------------------------------
 Total CPU time                           33.75
 -----------------------------------------------
report_summaries > atpg/reports/transition_summary.rpt
# ------------------------------------------------------------
# 4. Exportacao dos vetores
# ------------------------------------------------------------
write_patterns atpg/output/filtro_pdm_transition.stil \
    -format stil -replace
 Patterns written reference 543 V statements, generating 181559 test cycles
 End writing file 'filtro_pdm_transition.stil' with 135 patterns, File_size = 464677, CPU_time = 0.0 sec.
puts "ATPG transition: script executado ate o final."
ATPG transition: script executado ate o final.
puts "Cobertura em atpg/reports/transition_summary.rpt"
Cobertura em atpg/reports/transition_summary.rpt
exit
