****************************************
Report : qor
Design : filtro_pdm
Version: X-2025.06-SP3
Date   : Fri Oct  9 21:09:13 2026
****************************************
Information: The stitching and editing of coupling caps is turned OFF for design 'filtro_pdm.dlib:filtro_pdm/power_plan_reproduzido.design'. (TIM-125)
Information: Design Average RC for design filtro_pdm  (NEX-011)
Information: r = 1.671985 ohm/um, via_r = 0.578740 ohm/cut, c = 0.085247 ff/um, cc = 0.000000 ff/um (X dir) (NEX-017)
Information: r = 1.786480 ohm/um, via_r = 0.461313 ohm/cut, c = 0.074912 ff/um, cc = 0.000000 ff/um (Y dir) (NEX-017)
Information: The RC mode used is VR for design 'filtro_pdm'. (NEX-022)
Information: Update timing completed net estimation for all the timing graph nets (TIM-111)
Information: Net estimation statistics: timing graph nets = 12051, routed nets = 0, across physical hierarchy nets = 0, parasitics cached nets = 12050, delay annotated nets = 0, parasitics annotated nets = 0, multi-voltage nets = 0. (TIM-112)


Scenario           'default'
Timing Path Group  '**in2reg_default**'
----------------------------------------
Levels of Logic:                     25
Critical Path Length:            147.14
Critical Path Slack:              60.09
Critical Path Clk Period:        208.33
Total Negative Slack:              0.00
No. of Violating Paths:               0
Worst Hold Violation:             -0.02
Total Hold Violation:             -0.02
No. of Hold Violations:               1
----------------------------------------

Scenario           'default'
Timing Path Group  '**reg2out_default**'
----------------------------------------
Levels of Logic:                      1
Critical Path Length:              0.25
Critical Path Slack:             187.08
Critical Path Clk Period:        208.33
Total Negative Slack:              0.00
No. of Violating Paths:               0
Worst Hold Violation:              0.00
Total Hold Violation:              0.00
No. of Hold Violations:               0
----------------------------------------

Scenario           'default'
Timing Path Group  'clk'
----------------------------------------
Levels of Logic:                     61
Critical Path Length:              5.44
Critical Path Slack:             201.78
Critical Path Clk Period:        208.33
Total Negative Slack:              0.00
No. of Violating Paths:               0
Worst Hold Violation:              0.00
Total Hold Violation:              0.00
No. of Hold Violations:               0
----------------------------------------


Cell Count
----------------------------------------
Hierarchical Cell Count:              1
Hierarchical Port Count:            113
Leaf Cell Count:                   8136
Buf/Inv Cell Count:                1991
Buf Cell Count:                     374
Inv Cell Count:                    1617
Combinational Cell Count:          6804
   Single-bit Isolation Cell Count:                        0
   Multi-bit Isolation Cell Count:                         0
   Isolation Cell Banking Ratio:                           0.00%
   Single-bit Level Shifter Cell Count:                    0
   Multi-bit Level Shifter Cell Count:                     0
   Level Shifter Cell Banking Ratio:                       0.00%
   Single-bit ELS Cell Count:                              0
   Multi-bit ELS Cell Count:                               0
   ELS Cell Banking Ratio:                                 0.00%
Sequential Cell Count:             1332
   Integrated Clock-Gating Cell Count:                     0
   Sequential Macro Cell Count:                            0
   Single-bit Sequential Cell Count:                       1332
   Multi-bit Sequential Cell Count:                        0
   Sequential Cell Banking Ratio:                          0.00%
   BitsPerflop:                                            1.00
Macro Count:                          0
----------------------------------------


Area
----------------------------------------
Combinational Area:            21436.54
Noncombinational Area:         11509.67
Buf/Inv Area:                   3055.32
Total Buffer Area:               897.38
Total Inverter Area:            2157.94
Macro/Black Box Area:              0.00
Net Area:                             0
Net XLength:                   80811.57
Net YLength:                  121816.60
----------------------------------------
Cell Area (netlist):                          32946.21
Cell Area (netlist and physical only):        32946.21
Net Length:                   202628.17


Design Rules
----------------------------------------
Total Number of Nets:             12053
Nets with Violations:                 2
Max Trans Violations:                 0
Max Cap Violations:                   2
----------------------------------------

1
