In mode: all_dft...
  Pre-DFT DRC enabled
Warning: Design 'filtro_pdm' contains 2 high-fanout nets. A fanout number of 1000 will be used for delay calculations involving these nets. (TIM-134)

Information: Starting test design rule checking. (TEST-222)
  Loading test protocol
  ...basic checks...
  ...basic sequential cell checks...
  	...checking for scan equivalents...
  ...checking vector rules...
  ...checking pre-dft rules...

-----------------------------------------------------------------
  DRC Report

  Total violations: 0

-----------------------------------------------------------------


Test Design rule checking did not find violations

-----------------------------------------------------------------
  Sequential Cell Report

  0 out of 1332 sequential cells have violations

-----------------------------------------------------------------

SEQUENTIAL CELLS WITHOUT VIOLATIONS
      *1332 cells are valid scan cells
         u_cic/u_integradores/int3_reg[0]
         u_cic/u_integradores/int3_reg[1]
         u_cic/u_integradores/int3_reg[2]
         u_cic/u_integradores/int3_reg[3]
         u_cic/u_integradores/int3_reg[4]
         u_cic/u_integradores/int3_reg[5]
         u_cic/u_integradores/int3_reg[6]
         u_cic/u_integradores/int3_reg[7]
         u_cic/u_integradores/int3_reg[8]
         u_cic/u_integradores/int3_reg[9]
         u_cic/u_integradores/int3_reg[10]
         u_cic/u_integradores/int3_reg[11]
         u_cic/u_integradores/int3_reg[12]
         u_cic/u_integradores/int3_reg[13]
         u_cic/u_integradores/int3_reg[14]
         u_cic/u_integradores/int3_reg[15]
         u_cic/u_integradores/int3_reg[16]
         u_cic/u_integradores/int3_reg[17]
         u_cic/u_integradores/int2_reg[0]
         u_cic/u_integradores/int2_reg[1]
         u_cic/u_integradores/int2_reg[2]
         u_cic/u_integradores/int2_reg[3]
         u_cic/u_integradores/int2_reg[4]
         u_cic/u_integradores/int2_reg[5]
         u_cic/u_integradores/int2_reg[6]
         u_cic/u_integradores/int2_reg[7]
         u_cic/u_integradores/int2_reg[8]
         u_cic/u_integradores/int2_reg[9]
         u_cic/u_integradores/int2_reg[10]
         u_cic/u_integradores/int2_reg[11]
         u_cic/u_integradores/int2_reg[12]
         u_cic/u_integradores/int2_reg[13]
         u_cic/u_integradores/int2_reg[14]
         u_cic/u_integradores/int2_reg[15]
         u_cic/u_integradores/int2_reg[16]
         u_cic/u_integradores/int2_reg[17]
         u_cic/u_integradores/int1_reg[0]
         u_cic/u_integradores/int1_reg[1]
         u_cic/u_integradores/int1_reg[2]
         u_cic/u_integradores/int1_reg[3]
         u_cic/u_integradores/int1_reg[4]
         u_cic/u_integradores/int1_reg[5]
         u_cic/u_integradores/int1_reg[6]
         u_cic/u_integradores/int1_reg[7]
         u_cic/u_integradores/int1_reg[8]
         u_cic/u_integradores/int1_reg[9]
         u_cic/u_integradores/int1_reg[10]
         u_cic/u_integradores/int1_reg[11]
         u_cic/u_integradores/int1_reg[12]
         u_cic/u_integradores/int1_reg[13]
         u_cic/u_integradores/int1_reg[14]
         u_cic/u_integradores/int1_reg[15]
         u_cic/u_integradores/int1_reg[16]
         u_cic/u_integradores/int1_reg[17]
         u_cic/u_integradores/int4_reg[0]
         u_cic/u_integradores/int4_reg[1]
         u_cic/u_integradores/int4_reg[2]
         u_cic/u_integradores/int4_reg[3]
         u_cic/u_integradores/int4_reg[4]
         u_cic/u_integradores/int4_reg[5]
         u_cic/u_integradores/int4_reg[6]
         u_cic/u_integradores/int4_reg[7]
         u_cic/u_integradores/int4_reg[8]
         u_cic/u_integradores/int4_reg[9]
         u_cic/u_integradores/int4_reg[10]
         u_cic/u_integradores/int4_reg[11]
         u_cic/u_integradores/int4_reg[12]
         u_cic/u_integradores/int4_reg[13]
         u_cic/u_integradores/int4_reg[14]
         u_cic/u_integradores/int4_reg[15]
         u_cic/u_integradores/int4_reg[16]
         u_cic/u_integradores/int4_reg[17]
         u_cic/u_decimador/count_reg[3]
         u_cic/u_decimador/count_reg[0]
         u_cic/u_decimador/count_reg[1]
         u_cic/u_decimador/count_reg[2]
         u_cic/u_decimador/valid_reg
         u_cic/u_combs/u_comb1/y_out_reg[0]
         u_cic/u_combs/u_comb1/y_out_reg[1]
         u_cic/u_combs/u_comb1/y_out_reg[2]
         u_cic/u_combs/u_comb1/y_out_reg[3]
         u_cic/u_combs/u_comb1/y_out_reg[4]
         u_cic/u_combs/u_comb1/y_out_reg[5]
         u_cic/u_combs/u_comb1/y_out_reg[6]
         u_cic/u_combs/u_comb1/y_out_reg[7]
         u_cic/u_combs/u_comb1/y_out_reg[8]
         u_cic/u_combs/u_comb1/y_out_reg[9]
         u_cic/u_combs/u_comb1/y_out_reg[10]
         u_cic/u_combs/u_comb1/y_out_reg[11]
         u_cic/u_combs/u_comb1/y_out_reg[12]
         u_cic/u_combs/u_comb1/y_out_reg[13]
         u_cic/u_combs/u_comb1/y_out_reg[14]
         u_cic/u_combs/u_comb1/y_out_reg[15]
         u_cic/u_combs/u_comb1/y_out_reg[16]
         u_cic/u_combs/u_comb1/y_out_reg[17]
         u_cic/u_combs/u_comb1/x_delay_reg[0]
         u_cic/u_combs/u_comb1/x_delay_reg[1]
         u_cic/u_combs/u_comb1/x_delay_reg[2]
         u_cic/u_combs/u_comb1/x_delay_reg[3]
         u_cic/u_combs/u_comb1/x_delay_reg[4]
         u_cic/u_combs/u_comb1/x_delay_reg[5]
         u_cic/u_combs/u_comb1/x_delay_reg[6]
         u_cic/u_combs/u_comb1/x_delay_reg[7]
         u_cic/u_combs/u_comb1/x_delay_reg[8]
         u_cic/u_combs/u_comb1/x_delay_reg[9]
         u_cic/u_combs/u_comb1/x_delay_reg[10]
         u_cic/u_combs/u_comb1/x_delay_reg[11]
         u_cic/u_combs/u_comb1/x_delay_reg[12]
         u_cic/u_combs/u_comb1/x_delay_reg[13]
         u_cic/u_combs/u_comb1/x_delay_reg[14]
         u_cic/u_combs/u_comb1/x_delay_reg[15]
         u_cic/u_combs/u_comb1/x_delay_reg[16]
         u_cic/u_combs/u_comb1/x_delay_reg[17]
         u_cic/u_combs/u_comb1/valid_out_reg
         u_cic/u_combs/u_comb2/y_out_reg[0]
         u_cic/u_combs/u_comb2/y_out_reg[1]
         u_cic/u_combs/u_comb2/y_out_reg[2]
         u_cic/u_combs/u_comb2/y_out_reg[3]
         u_cic/u_combs/u_comb2/y_out_reg[4]
         u_cic/u_combs/u_comb2/y_out_reg[5]
         u_cic/u_combs/u_comb2/y_out_reg[6]
         u_cic/u_combs/u_comb2/y_out_reg[7]
         u_cic/u_combs/u_comb2/y_out_reg[8]
         u_cic/u_combs/u_comb2/y_out_reg[9]
         u_cic/u_combs/u_comb2/y_out_reg[10]
         u_cic/u_combs/u_comb2/y_out_reg[11]
         u_cic/u_combs/u_comb2/y_out_reg[12]
         u_cic/u_combs/u_comb2/y_out_reg[13]
         u_cic/u_combs/u_comb2/y_out_reg[14]
         u_cic/u_combs/u_comb2/y_out_reg[15]
         u_cic/u_combs/u_comb2/y_out_reg[16]
         u_cic/u_combs/u_comb2/y_out_reg[17]
         u_cic/u_combs/u_comb2/x_delay_reg[0]
         u_cic/u_combs/u_comb2/x_delay_reg[1]
         u_cic/u_combs/u_comb2/x_delay_reg[2]
         u_cic/u_combs/u_comb2/x_delay_reg[3]
         u_cic/u_combs/u_comb2/x_delay_reg[4]
         u_cic/u_combs/u_comb2/x_delay_reg[5]
         u_cic/u_combs/u_comb2/x_delay_reg[6]
         u_cic/u_combs/u_comb2/x_delay_reg[7]
         u_cic/u_combs/u_comb2/x_delay_reg[8]
         u_cic/u_combs/u_comb2/x_delay_reg[9]
         u_cic/u_combs/u_comb2/x_delay_reg[10]
         u_cic/u_combs/u_comb2/x_delay_reg[11]
         u_cic/u_combs/u_comb2/x_delay_reg[12]
         u_cic/u_combs/u_comb2/x_delay_reg[13]
         u_cic/u_combs/u_comb2/x_delay_reg[14]
         u_cic/u_combs/u_comb2/x_delay_reg[15]
         u_cic/u_combs/u_comb2/x_delay_reg[16]
         u_cic/u_combs/u_comb2/x_delay_reg[17]
         u_cic/u_combs/u_comb2/valid_out_reg
         u_cic/u_combs/u_comb3/valid_out_reg
         u_cic/u_combs/u_comb4/valid_out_reg
         u_cic/u_combs/u_comb4/y_out_reg[1]
         u_cic/u_combs/u_comb4/y_out_reg[2]
         u_cic/u_combs/u_comb4/y_out_reg[3]
         u_cic/u_combs/u_comb4/y_out_reg[4]
         u_cic/u_combs/u_comb4/y_out_reg[5]
         u_cic/u_combs/u_comb4/y_out_reg[6]
         u_cic/u_combs/u_comb4/y_out_reg[7]
         u_cic/u_combs/u_comb4/y_out_reg[8]
         u_cic/u_combs/u_comb4/y_out_reg[9]
         u_cic/u_combs/u_comb4/y_out_reg[10]
         u_cic/u_combs/u_comb4/y_out_reg[11]
         u_cic/u_combs/u_comb4/y_out_reg[12]
         u_cic/u_combs/u_comb4/y_out_reg[13]
         u_cic/u_combs/u_comb4/y_out_reg[14]
         u_cic/u_combs/u_comb4/y_out_reg[15]
         u_cic/u_combs/u_comb4/y_out_reg[16]
         u_cic/u_combs/u_comb4/y_out_reg[17]
         u_cic/u_combs/u_comb3/y_out_reg[0]
         u_cic/u_combs/u_comb4/x_delay_reg[0]
         u_cic/u_combs/u_comb3/y_out_reg[1]
         u_cic/u_combs/u_comb4/x_delay_reg[1]
         u_cic/u_combs/u_comb3/y_out_reg[2]
         u_cic/u_combs/u_comb4/x_delay_reg[2]
         u_cic/u_combs/u_comb3/y_out_reg[3]
         u_cic/u_combs/u_comb4/x_delay_reg[3]
         u_cic/u_combs/u_comb3/y_out_reg[4]
         u_cic/u_combs/u_comb4/x_delay_reg[4]
         u_cic/u_combs/u_comb3/y_out_reg[5]
         u_cic/u_combs/u_comb4/x_delay_reg[5]
         u_cic/u_combs/u_comb3/y_out_reg[6]
         u_cic/u_combs/u_comb4/x_delay_reg[6]
         u_cic/u_combs/u_comb3/y_out_reg[7]
         u_cic/u_combs/u_comb4/x_delay_reg[7]
         u_cic/u_combs/u_comb3/y_out_reg[8]
         u_cic/u_combs/u_comb4/x_delay_reg[8]
         u_cic/u_combs/u_comb3/y_out_reg[9]
         u_cic/u_combs/u_comb4/x_delay_reg[9]
         u_cic/u_combs/u_comb3/y_out_reg[10]
         u_cic/u_combs/u_comb4/x_delay_reg[10]
         u_cic/u_combs/u_comb3/y_out_reg[11]
         u_cic/u_combs/u_comb4/x_delay_reg[11]
         u_cic/u_combs/u_comb3/y_out_reg[12]
         u_cic/u_combs/u_comb4/x_delay_reg[12]
         u_cic/u_combs/u_comb3/y_out_reg[13]
         u_cic/u_combs/u_comb4/x_delay_reg[13]
         u_cic/u_combs/u_comb3/y_out_reg[14]
         u_cic/u_combs/u_comb4/x_delay_reg[14]
         u_cic/u_combs/u_comb3/y_out_reg[15]
         u_cic/u_combs/u_comb4/x_delay_reg[15]
         u_cic/u_combs/u_comb3/y_out_reg[16]
         u_cic/u_combs/u_comb4/x_delay_reg[16]
         u_cic/u_combs/u_comb3/y_out_reg[17]
         u_cic/u_combs/u_comb4/x_delay_reg[17]
         u_cic/u_combs/u_comb3/x_delay_reg[0]
         u_cic/u_combs/u_comb3/x_delay_reg[1]
         u_cic/u_combs/u_comb3/x_delay_reg[2]
         u_cic/u_combs/u_comb3/x_delay_reg[3]
         u_cic/u_combs/u_comb3/x_delay_reg[4]
         u_cic/u_combs/u_comb3/x_delay_reg[5]
         u_cic/u_combs/u_comb3/x_delay_reg[6]
         u_cic/u_combs/u_comb3/x_delay_reg[7]
         u_cic/u_combs/u_comb3/x_delay_reg[8]
         u_cic/u_combs/u_comb3/x_delay_reg[9]
         u_cic/u_combs/u_comb3/x_delay_reg[10]
         u_cic/u_combs/u_comb3/x_delay_reg[11]
         u_cic/u_combs/u_comb3/x_delay_reg[12]
         u_cic/u_combs/u_comb3/x_delay_reg[13]
         u_cic/u_combs/u_comb3/x_delay_reg[14]
         u_cic/u_combs/u_comb3/x_delay_reg[15]
         u_cic/u_combs/u_comb3/x_delay_reg[16]
         u_cic/u_combs/u_comb3/x_delay_reg[17]
         u_fir/y_out_reg[18]
         u_fir/y_out_reg[17]
         u_fir/y_out_reg[16]
         u_fir/y_out_reg[15]
         u_fir/y_out_reg[14]
         u_fir/y_out_reg[13]
         u_fir/y_out_reg[12]
         u_fir/y_out_reg[11]
         u_fir/y_out_reg[10]
         u_fir/y_out_reg[9]
         u_fir/y_out_reg[8]
         u_fir/y_out_reg[7]
         u_fir/y_out_reg[6]
         u_fir/y_out_reg[5]
         u_fir/y_out_reg[4]
         u_fir/y_out_reg[3]
         u_fir/y_out_reg[2]
         u_fir/y_out_reg[1]
         u_fir/y_out_reg[0]
         u_fir/valid_out_reg
         u_fir/delay_reg[0][16]
         u_fir/delay_reg[0][15]
         u_fir/delay_reg[0][14]
         u_fir/delay_reg[0][13]
         u_fir/delay_reg[0][12]
         u_fir/delay_reg[0][11]
         u_fir/delay_reg[0][10]
         u_fir/delay_reg[0][9]
         u_fir/delay_reg[0][8]
         u_fir/delay_reg[0][7]
         u_fir/delay_reg[0][6]
         u_fir/delay_reg[0][5]
         u_fir/delay_reg[0][4]
         u_fir/delay_reg[0][3]
         u_fir/delay_reg[0][2]
         u_fir/delay_reg[0][1]
         u_fir/delay_reg[0][0]
         u_fir/delay_reg[1][16]
         u_fir/delay_reg[1][15]
         u_fir/delay_reg[1][14]
         u_fir/delay_reg[1][13]
         u_fir/delay_reg[1][12]
         u_fir/delay_reg[1][11]
         u_fir/delay_reg[1][10]
         u_fir/delay_reg[1][9]
         u_fir/delay_reg[1][8]
         u_fir/delay_reg[1][7]
         u_fir/delay_reg[1][6]
         u_fir/delay_reg[1][5]
         u_fir/delay_reg[1][4]
         u_fir/delay_reg[1][3]
         u_fir/delay_reg[1][2]
         u_fir/delay_reg[1][1]
         u_fir/delay_reg[1][0]
         u_fir/delay_reg[2][16]
         u_fir/delay_reg[2][15]
         u_fir/delay_reg[2][14]
         u_fir/delay_reg[2][13]
         u_fir/delay_reg[2][12]
         u_fir/delay_reg[2][11]
         u_fir/delay_reg[2][10]
         u_fir/delay_reg[2][9]
         u_fir/delay_reg[2][8]
         u_fir/delay_reg[2][7]
         u_fir/delay_reg[2][6]
         u_fir/delay_reg[2][5]
         u_fir/delay_reg[2][4]
         u_fir/delay_reg[2][3]
         u_fir/delay_reg[2][2]
         u_fir/delay_reg[2][1]
         u_fir/delay_reg[2][0]
         u_fir/delay_reg[3][16]
         u_fir/delay_reg[3][15]
         u_fir/delay_reg[3][14]
         u_fir/delay_reg[3][13]
         u_fir/delay_reg[3][12]
         u_fir/delay_reg[3][11]
         u_fir/delay_reg[3][10]
         u_fir/delay_reg[3][9]
         u_fir/delay_reg[3][8]
         u_fir/delay_reg[3][7]
         u_fir/delay_reg[3][6]
         u_fir/delay_reg[3][5]
         u_fir/delay_reg[3][4]
         u_fir/delay_reg[3][3]
         u_fir/delay_reg[3][2]
         u_fir/delay_reg[3][1]
         u_fir/delay_reg[3][0]
         u_fir/delay_reg[4][16]
         u_fir/delay_reg[4][15]
         u_fir/delay_reg[4][14]
         u_fir/delay_reg[4][13]
         u_fir/delay_reg[4][12]
         u_fir/delay_reg[4][11]
         u_fir/delay_reg[4][10]
         u_fir/delay_reg[4][9]
         u_fir/delay_reg[4][8]
         u_fir/delay_reg[4][7]
         u_fir/delay_reg[4][6]
         u_fir/delay_reg[4][5]
         u_fir/delay_reg[4][4]
         u_fir/delay_reg[4][3]
         u_fir/delay_reg[4][2]
         u_fir/delay_reg[4][1]
         u_fir/delay_reg[4][0]
         u_fir/delay_reg[5][16]
         u_fir/delay_reg[5][15]
         u_fir/delay_reg[5][14]
         u_fir/delay_reg[5][13]
         u_fir/delay_reg[5][12]
         u_fir/delay_reg[5][11]
         u_fir/delay_reg[5][10]
         u_fir/delay_reg[5][9]
         u_fir/delay_reg[5][8]
         u_fir/delay_reg[5][7]
         u_fir/delay_reg[5][6]
         u_fir/delay_reg[5][5]
         u_fir/delay_reg[5][4]
         u_fir/delay_reg[5][3]
         u_fir/delay_reg[5][2]
         u_fir/delay_reg[5][1]
         u_fir/delay_reg[5][0]
         u_fir/delay_reg[6][16]
         u_fir/delay_reg[6][15]
         u_fir/delay_reg[6][14]
         u_fir/delay_reg[6][13]
         u_fir/delay_reg[6][12]
         u_fir/delay_reg[6][11]
         u_fir/delay_reg[6][10]
         u_fir/delay_reg[6][9]
         u_fir/delay_reg[6][8]
         u_fir/delay_reg[6][7]
         u_fir/delay_reg[6][6]
         u_fir/delay_reg[6][5]
         u_fir/delay_reg[6][4]
         u_fir/delay_reg[6][3]
         u_fir/delay_reg[6][2]
         u_fir/delay_reg[6][1]
         u_fir/delay_reg[6][0]
         u_fir/delay_reg[7][16]
         u_fir/delay_reg[7][15]
         u_fir/delay_reg[7][14]
         u_fir/delay_reg[7][13]
         u_fir/delay_reg[7][12]
         u_fir/delay_reg[7][11]
         u_fir/delay_reg[7][10]
         u_fir/delay_reg[7][9]
         u_fir/delay_reg[7][8]
         u_fir/delay_reg[7][7]
         u_fir/delay_reg[7][6]
         u_fir/delay_reg[7][5]
         u_fir/delay_reg[7][4]
         u_fir/delay_reg[7][3]
         u_fir/delay_reg[7][2]
         u_fir/delay_reg[7][1]
         u_fir/delay_reg[7][0]
         u_fir/delay_reg[8][16]
         u_fir/delay_reg[8][15]
         u_fir/delay_reg[8][14]
         u_fir/delay_reg[8][13]
         u_fir/delay_reg[8][12]
         u_fir/delay_reg[8][11]
         u_fir/delay_reg[8][10]
         u_fir/delay_reg[8][9]
         u_fir/delay_reg[8][8]
         u_fir/delay_reg[8][7]
         u_fir/delay_reg[8][6]
         u_fir/delay_reg[8][5]
         u_fir/delay_reg[8][4]
         u_fir/delay_reg[8][3]
         u_fir/delay_reg[8][2]
         u_fir/delay_reg[8][1]
         u_fir/delay_reg[8][0]
         u_fir/delay_reg[9][16]
         u_fir/delay_reg[9][15]
         u_fir/delay_reg[9][14]
         u_fir/delay_reg[9][13]
         u_fir/delay_reg[9][12]
         u_fir/delay_reg[9][11]
         u_fir/delay_reg[9][10]
         u_fir/delay_reg[9][9]
         u_fir/delay_reg[9][8]
         u_fir/delay_reg[9][7]
         u_fir/delay_reg[9][6]
         u_fir/delay_reg[9][5]
         u_fir/delay_reg[9][4]
         u_fir/delay_reg[9][3]
         u_fir/delay_reg[9][2]
         u_fir/delay_reg[9][1]
         u_fir/delay_reg[9][0]
         u_fir/delay_reg[10][16]
         u_fir/delay_reg[10][15]
         u_fir/delay_reg[10][14]
         u_fir/delay_reg[10][13]
         u_fir/delay_reg[10][12]
         u_fir/delay_reg[10][11]
         u_fir/delay_reg[10][10]
         u_fir/delay_reg[10][9]
         u_fir/delay_reg[10][8]
         u_fir/delay_reg[10][7]
         u_fir/delay_reg[10][6]
         u_fir/delay_reg[10][5]
         u_fir/delay_reg[10][4]
         u_fir/delay_reg[10][3]
         u_fir/delay_reg[10][2]
         u_fir/delay_reg[10][1]
         u_fir/delay_reg[10][0]
         u_fir/delay_reg[11][16]
         u_fir/delay_reg[11][15]
         u_fir/delay_reg[11][14]
         u_fir/delay_reg[11][13]
         u_fir/delay_reg[11][12]
         u_fir/delay_reg[11][11]
         u_fir/delay_reg[11][10]
         u_fir/delay_reg[11][9]
         u_fir/delay_reg[11][8]
         u_fir/delay_reg[11][7]
         u_fir/delay_reg[11][6]
         u_fir/delay_reg[11][5]
         u_fir/delay_reg[11][4]
         u_fir/delay_reg[11][3]
         u_fir/delay_reg[11][2]
         u_fir/delay_reg[11][1]
         u_fir/delay_reg[11][0]
         u_fir/delay_reg[12][16]
         u_fir/delay_reg[12][15]
         u_fir/delay_reg[12][14]
         u_fir/delay_reg[12][13]
         u_fir/delay_reg[12][12]
         u_fir/delay_reg[12][11]
         u_fir/delay_reg[12][10]
         u_fir/delay_reg[12][9]
         u_fir/delay_reg[12][8]
         u_fir/delay_reg[12][7]
         u_fir/delay_reg[12][6]
         u_fir/delay_reg[12][5]
         u_fir/delay_reg[12][4]
         u_fir/delay_reg[12][3]
         u_fir/delay_reg[12][2]
         u_fir/delay_reg[12][1]
         u_fir/delay_reg[12][0]
         u_fir/delay_reg[13][16]
         u_fir/delay_reg[13][15]
         u_fir/delay_reg[13][14]
         u_fir/delay_reg[13][13]
         u_fir/delay_reg[13][12]
         u_fir/delay_reg[13][11]
         u_fir/delay_reg[13][10]
         u_fir/delay_reg[13][9]
         u_fir/delay_reg[13][8]
         u_fir/delay_reg[13][7]
         u_fir/delay_reg[13][6]
         u_fir/delay_reg[13][5]
         u_fir/delay_reg[13][4]
         u_fir/delay_reg[13][3]
         u_fir/delay_reg[13][2]
         u_fir/delay_reg[13][1]
         u_fir/delay_reg[13][0]
         u_fir/delay_reg[14][16]
         u_fir/delay_reg[14][15]
         u_fir/delay_reg[14][14]
         u_fir/delay_reg[14][13]
         u_fir/delay_reg[14][12]
         u_fir/delay_reg[14][11]
         u_fir/delay_reg[14][10]
         u_fir/delay_reg[14][9]
         u_fir/delay_reg[14][8]
         u_fir/delay_reg[14][7]
         u_fir/delay_reg[14][6]
         u_fir/delay_reg[14][5]
         u_fir/delay_reg[14][4]
         u_fir/delay_reg[14][3]
         u_fir/delay_reg[14][2]
         u_fir/delay_reg[14][1]
         u_fir/delay_reg[14][0]
         u_fir/delay_reg[15][16]
         u_fir/delay_reg[15][15]
         u_fir/delay_reg[15][14]
         u_fir/delay_reg[15][13]
         u_fir/delay_reg[15][12]
         u_fir/delay_reg[15][11]
         u_fir/delay_reg[15][10]
         u_fir/delay_reg[15][9]
         u_fir/delay_reg[15][8]
         u_fir/delay_reg[15][7]
         u_fir/delay_reg[15][6]
         u_fir/delay_reg[15][5]
         u_fir/delay_reg[15][4]
         u_fir/delay_reg[15][3]
         u_fir/delay_reg[15][2]
         u_fir/delay_reg[15][1]
         u_fir/delay_reg[15][0]
         u_fir/delay_reg[16][16]
         u_fir/delay_reg[16][15]
         u_fir/delay_reg[16][14]
         u_fir/delay_reg[16][13]
         u_fir/delay_reg[16][12]
         u_fir/delay_reg[16][11]
         u_fir/delay_reg[16][10]
         u_fir/delay_reg[16][9]
         u_fir/delay_reg[16][8]
         u_fir/delay_reg[16][7]
         u_fir/delay_reg[16][6]
         u_fir/delay_reg[16][5]
         u_fir/delay_reg[16][4]
         u_fir/delay_reg[16][3]
         u_fir/delay_reg[16][2]
         u_fir/delay_reg[16][1]
         u_fir/delay_reg[16][0]
         u_fir/delay_reg[17][16]
         u_fir/delay_reg[17][15]
         u_fir/delay_reg[17][14]
         u_fir/delay_reg[17][13]
         u_fir/delay_reg[17][12]
         u_fir/delay_reg[17][11]
         u_fir/delay_reg[17][10]
         u_fir/delay_reg[17][9]
         u_fir/delay_reg[17][8]
         u_fir/delay_reg[17][7]
         u_fir/delay_reg[17][6]
         u_fir/delay_reg[17][5]
         u_fir/delay_reg[17][4]
         u_fir/delay_reg[17][3]
         u_fir/delay_reg[17][2]
         u_fir/delay_reg[17][1]
         u_fir/delay_reg[17][0]
         u_fir/delay_reg[18][16]
         u_fir/delay_reg[18][15]
         u_fir/delay_reg[18][14]
         u_fir/delay_reg[18][13]
         u_fir/delay_reg[18][12]
         u_fir/delay_reg[18][11]
         u_fir/delay_reg[18][10]
         u_fir/delay_reg[18][9]
         u_fir/delay_reg[18][8]
         u_fir/delay_reg[18][7]
         u_fir/delay_reg[18][6]
         u_fir/delay_reg[18][5]
         u_fir/delay_reg[18][4]
         u_fir/delay_reg[18][3]
         u_fir/delay_reg[18][2]
         u_fir/delay_reg[18][1]
         u_fir/delay_reg[18][0]
         u_fir/delay_reg[19][16]
         u_fir/delay_reg[19][15]
         u_fir/delay_reg[19][14]
         u_fir/delay_reg[19][13]
         u_fir/delay_reg[19][12]
         u_fir/delay_reg[19][11]
         u_fir/delay_reg[19][10]
         u_fir/delay_reg[19][9]
         u_fir/delay_reg[19][8]
         u_fir/delay_reg[19][7]
         u_fir/delay_reg[19][6]
         u_fir/delay_reg[19][5]
         u_fir/delay_reg[19][4]
         u_fir/delay_reg[19][3]
         u_fir/delay_reg[19][2]
         u_fir/delay_reg[19][1]
         u_fir/delay_reg[19][0]
         u_fir/delay_reg[20][16]
         u_fir/delay_reg[20][15]
         u_fir/delay_reg[20][14]
         u_fir/delay_reg[20][13]
         u_fir/delay_reg[20][12]
         u_fir/delay_reg[20][11]
         u_fir/delay_reg[20][10]
         u_fir/delay_reg[20][9]
         u_fir/delay_reg[20][8]
         u_fir/delay_reg[20][7]
         u_fir/delay_reg[20][6]
         u_fir/delay_reg[20][5]
         u_fir/delay_reg[20][4]
         u_fir/delay_reg[20][3]
         u_fir/delay_reg[20][2]
         u_fir/delay_reg[20][1]
         u_fir/delay_reg[20][0]
         u_fir/delay_reg[21][16]
         u_fir/delay_reg[21][15]
         u_fir/delay_reg[21][14]
         u_fir/delay_reg[21][13]
         u_fir/delay_reg[21][12]
         u_fir/delay_reg[21][11]
         u_fir/delay_reg[21][10]
         u_fir/delay_reg[21][9]
         u_fir/delay_reg[21][8]
         u_fir/delay_reg[21][7]
         u_fir/delay_reg[21][6]
         u_fir/delay_reg[21][5]
         u_fir/delay_reg[21][4]
         u_fir/delay_reg[21][3]
         u_fir/delay_reg[21][2]
         u_fir/delay_reg[21][1]
         u_fir/delay_reg[21][0]
         u_fir/delay_reg[22][16]
         u_fir/delay_reg[22][15]
         u_fir/delay_reg[22][14]
         u_fir/delay_reg[22][13]
         u_fir/delay_reg[22][12]
         u_fir/delay_reg[22][11]
         u_fir/delay_reg[22][10]
         u_fir/delay_reg[22][9]
         u_fir/delay_reg[22][8]
         u_fir/delay_reg[22][7]
         u_fir/delay_reg[22][6]
         u_fir/delay_reg[22][5]
         u_fir/delay_reg[22][4]
         u_fir/delay_reg[22][3]
         u_fir/delay_reg[22][2]
         u_fir/delay_reg[22][1]
         u_fir/delay_reg[22][0]
         u_fir/delay_reg[23][16]
         u_fir/delay_reg[23][15]
         u_fir/delay_reg[23][14]
         u_fir/delay_reg[23][13]
         u_fir/delay_reg[23][12]
         u_fir/delay_reg[23][11]
         u_fir/delay_reg[23][10]
         u_fir/delay_reg[23][9]
         u_fir/delay_reg[23][8]
         u_fir/delay_reg[23][7]
         u_fir/delay_reg[23][6]
         u_fir/delay_reg[23][5]
         u_fir/delay_reg[23][4]
         u_fir/delay_reg[23][3]
         u_fir/delay_reg[23][2]
         u_fir/delay_reg[23][1]
         u_fir/delay_reg[23][0]
         u_fir/delay_reg[24][16]
         u_fir/delay_reg[24][15]
         u_fir/delay_reg[24][14]
         u_fir/delay_reg[24][13]
         u_fir/delay_reg[24][12]
         u_fir/delay_reg[24][11]
         u_fir/delay_reg[24][10]
         u_fir/delay_reg[24][9]
         u_fir/delay_reg[24][8]
         u_fir/delay_reg[24][7]
         u_fir/delay_reg[24][6]
         u_fir/delay_reg[24][5]
         u_fir/delay_reg[24][4]
         u_fir/delay_reg[24][3]
         u_fir/delay_reg[24][2]
         u_fir/delay_reg[24][1]
         u_fir/delay_reg[24][0]
         u_fir/delay_reg[25][16]
         u_fir/delay_reg[25][15]
         u_fir/delay_reg[25][14]
         u_fir/delay_reg[25][13]
         u_fir/delay_reg[25][12]
         u_fir/delay_reg[25][11]
         u_fir/delay_reg[25][10]
         u_fir/delay_reg[25][9]
         u_fir/delay_reg[25][8]
         u_fir/delay_reg[25][7]
         u_fir/delay_reg[25][6]
         u_fir/delay_reg[25][5]
         u_fir/delay_reg[25][4]
         u_fir/delay_reg[25][3]
         u_fir/delay_reg[25][2]
         u_fir/delay_reg[25][1]
         u_fir/delay_reg[25][0]
         u_fir/delay_reg[26][16]
         u_fir/delay_reg[26][15]
         u_fir/delay_reg[26][14]
         u_fir/delay_reg[26][13]
         u_fir/delay_reg[26][12]
         u_fir/delay_reg[26][11]
         u_fir/delay_reg[26][10]
         u_fir/delay_reg[26][9]
         u_fir/delay_reg[26][8]
         u_fir/delay_reg[26][7]
         u_fir/delay_reg[26][6]
         u_fir/delay_reg[26][5]
         u_fir/delay_reg[26][4]
         u_fir/delay_reg[26][3]
         u_fir/delay_reg[26][2]
         u_fir/delay_reg[26][1]
         u_fir/delay_reg[26][0]
         u_fir/delay_reg[27][16]
         u_fir/delay_reg[27][15]
         u_fir/delay_reg[27][14]
         u_fir/delay_reg[27][13]
         u_fir/delay_reg[27][12]
         u_fir/delay_reg[27][11]
         u_fir/delay_reg[27][10]
         u_fir/delay_reg[27][9]
         u_fir/delay_reg[27][8]
         u_fir/delay_reg[27][7]
         u_fir/delay_reg[27][6]
         u_fir/delay_reg[27][5]
         u_fir/delay_reg[27][4]
         u_fir/delay_reg[27][3]
         u_fir/delay_reg[27][2]
         u_fir/delay_reg[27][1]
         u_fir/delay_reg[27][0]
         u_fir/delay_reg[28][16]
         u_fir/delay_reg[28][15]
         u_fir/delay_reg[28][14]
         u_fir/delay_reg[28][13]
         u_fir/delay_reg[28][12]
         u_fir/delay_reg[28][11]
         u_fir/delay_reg[28][10]
         u_fir/delay_reg[28][9]
         u_fir/delay_reg[28][8]
         u_fir/delay_reg[28][7]
         u_fir/delay_reg[28][6]
         u_fir/delay_reg[28][5]
         u_fir/delay_reg[28][4]
         u_fir/delay_reg[28][3]
         u_fir/delay_reg[28][2]
         u_fir/delay_reg[28][1]
         u_fir/delay_reg[28][0]
         u_fir/delay_reg[29][16]
         u_fir/delay_reg[29][15]
         u_fir/delay_reg[29][14]
         u_fir/delay_reg[29][13]
         u_fir/delay_reg[29][12]
         u_fir/delay_reg[29][11]
         u_fir/delay_reg[29][10]
         u_fir/delay_reg[29][9]
         u_fir/delay_reg[29][8]
         u_fir/delay_reg[29][7]
         u_fir/delay_reg[29][6]
         u_fir/delay_reg[29][5]
         u_fir/delay_reg[29][4]
         u_fir/delay_reg[29][3]
         u_fir/delay_reg[29][2]
         u_fir/delay_reg[29][1]
         u_fir/delay_reg[29][0]
         u_fir/delay_reg[30][16]
         u_fir/delay_reg[30][15]
         u_fir/delay_reg[30][14]
         u_fir/delay_reg[30][13]
         u_fir/delay_reg[30][12]
         u_fir/delay_reg[30][11]
         u_fir/delay_reg[30][10]
         u_fir/delay_reg[30][9]
         u_fir/delay_reg[30][8]
         u_fir/delay_reg[30][7]
         u_fir/delay_reg[30][6]
         u_fir/delay_reg[30][5]
         u_fir/delay_reg[30][4]
         u_fir/delay_reg[30][3]
         u_fir/delay_reg[30][2]
         u_fir/delay_reg[30][1]
         u_fir/delay_reg[30][0]
         u_fir/delay_reg[31][16]
         u_fir/delay_reg[31][15]
         u_fir/delay_reg[31][14]
         u_fir/delay_reg[31][13]
         u_fir/delay_reg[31][12]
         u_fir/delay_reg[31][11]
         u_fir/delay_reg[31][10]
         u_fir/delay_reg[31][9]
         u_fir/delay_reg[31][8]
         u_fir/delay_reg[31][7]
         u_fir/delay_reg[31][6]
         u_fir/delay_reg[31][5]
         u_fir/delay_reg[31][4]
         u_fir/delay_reg[31][3]
         u_fir/delay_reg[31][2]
         u_fir/delay_reg[31][1]
         u_fir/delay_reg[31][0]
         u_fir/delay_reg[32][16]
         u_fir/delay_reg[32][15]
         u_fir/delay_reg[32][14]
         u_fir/delay_reg[32][13]
         u_fir/delay_reg[32][12]
         u_fir/delay_reg[32][11]
         u_fir/delay_reg[32][10]
         u_fir/delay_reg[32][9]
         u_fir/delay_reg[32][8]
         u_fir/delay_reg[32][7]
         u_fir/delay_reg[32][6]
         u_fir/delay_reg[32][5]
         u_fir/delay_reg[32][4]
         u_fir/delay_reg[32][3]
         u_fir/delay_reg[32][2]
         u_fir/delay_reg[32][1]
         u_fir/delay_reg[32][0]
         u_fir/delay_reg[33][16]
         u_fir/delay_reg[33][15]
         u_fir/delay_reg[33][14]
         u_fir/delay_reg[33][13]
         u_fir/delay_reg[33][12]
         u_fir/delay_reg[33][11]
         u_fir/delay_reg[33][10]
         u_fir/delay_reg[33][9]
         u_fir/delay_reg[33][8]
         u_fir/delay_reg[33][7]
         u_fir/delay_reg[33][6]
         u_fir/delay_reg[33][5]
         u_fir/delay_reg[33][4]
         u_fir/delay_reg[33][3]
         u_fir/delay_reg[33][2]
         u_fir/delay_reg[33][1]
         u_fir/delay_reg[33][0]
         u_fir/delay_reg[34][16]
         u_fir/delay_reg[34][15]
         u_fir/delay_reg[34][14]
         u_fir/delay_reg[34][13]
         u_fir/delay_reg[34][12]
         u_fir/delay_reg[34][11]
         u_fir/delay_reg[34][10]
         u_fir/delay_reg[34][9]
         u_fir/delay_reg[34][8]
         u_fir/delay_reg[34][7]
         u_fir/delay_reg[34][6]
         u_fir/delay_reg[34][5]
         u_fir/delay_reg[34][4]
         u_fir/delay_reg[34][3]
         u_fir/delay_reg[34][2]
         u_fir/delay_reg[34][1]
         u_fir/delay_reg[34][0]
         u_fir/delay_reg[35][16]
         u_fir/delay_reg[35][15]
         u_fir/delay_reg[35][14]
         u_fir/delay_reg[35][13]
         u_fir/delay_reg[35][12]
         u_fir/delay_reg[35][11]
         u_fir/delay_reg[35][10]
         u_fir/delay_reg[35][9]
         u_fir/delay_reg[35][8]
         u_fir/delay_reg[35][7]
         u_fir/delay_reg[35][6]
         u_fir/delay_reg[35][5]
         u_fir/delay_reg[35][4]
         u_fir/delay_reg[35][3]
         u_fir/delay_reg[35][2]
         u_fir/delay_reg[35][1]
         u_fir/delay_reg[35][0]
         u_fir/delay_reg[36][16]
         u_fir/delay_reg[36][15]
         u_fir/delay_reg[36][14]
         u_fir/delay_reg[36][13]
         u_fir/delay_reg[36][12]
         u_fir/delay_reg[36][11]
         u_fir/delay_reg[36][10]
         u_fir/delay_reg[36][9]
         u_fir/delay_reg[36][8]
         u_fir/delay_reg[36][7]
         u_fir/delay_reg[36][6]
         u_fir/delay_reg[36][5]
         u_fir/delay_reg[36][4]
         u_fir/delay_reg[36][3]
         u_fir/delay_reg[36][2]
         u_fir/delay_reg[36][1]
         u_fir/delay_reg[36][0]
         u_fir/delay_reg[37][16]
         u_fir/delay_reg[37][15]
         u_fir/delay_reg[37][14]
         u_fir/delay_reg[37][13]
         u_fir/delay_reg[37][12]
         u_fir/delay_reg[37][11]
         u_fir/delay_reg[37][10]
         u_fir/delay_reg[37][9]
         u_fir/delay_reg[37][8]
         u_fir/delay_reg[37][7]
         u_fir/delay_reg[37][6]
         u_fir/delay_reg[37][5]
         u_fir/delay_reg[37][4]
         u_fir/delay_reg[37][3]
         u_fir/delay_reg[37][2]
         u_fir/delay_reg[37][1]
         u_fir/delay_reg[37][0]
         u_fir/delay_reg[38][16]
         u_fir/delay_reg[38][15]
         u_fir/delay_reg[38][14]
         u_fir/delay_reg[38][13]
         u_fir/delay_reg[38][12]
         u_fir/delay_reg[38][11]
         u_fir/delay_reg[38][10]
         u_fir/delay_reg[38][9]
         u_fir/delay_reg[38][8]
         u_fir/delay_reg[38][7]
         u_fir/delay_reg[38][6]
         u_fir/delay_reg[38][5]
         u_fir/delay_reg[38][4]
         u_fir/delay_reg[38][3]
         u_fir/delay_reg[38][2]
         u_fir/delay_reg[38][1]
         u_fir/delay_reg[38][0]
         u_fir/delay_reg[39][16]
         u_fir/delay_reg[39][15]
         u_fir/delay_reg[39][14]
         u_fir/delay_reg[39][13]
         u_fir/delay_reg[39][12]
         u_fir/delay_reg[39][11]
         u_fir/delay_reg[39][10]
         u_fir/delay_reg[39][9]
         u_fir/delay_reg[39][8]
         u_fir/delay_reg[39][7]
         u_fir/delay_reg[39][6]
         u_fir/delay_reg[39][5]
         u_fir/delay_reg[39][4]
         u_fir/delay_reg[39][3]
         u_fir/delay_reg[39][2]
         u_fir/delay_reg[39][1]
         u_fir/delay_reg[39][0]
         u_fir/delay_reg[40][16]
         u_fir/delay_reg[40][15]
         u_fir/delay_reg[40][14]
         u_fir/delay_reg[40][13]
         u_fir/delay_reg[40][12]
         u_fir/delay_reg[40][11]
         u_fir/delay_reg[40][10]
         u_fir/delay_reg[40][9]
         u_fir/delay_reg[40][8]
         u_fir/delay_reg[40][7]
         u_fir/delay_reg[40][6]
         u_fir/delay_reg[40][5]
         u_fir/delay_reg[40][4]
         u_fir/delay_reg[40][3]
         u_fir/delay_reg[40][2]
         u_fir/delay_reg[40][1]
         u_fir/delay_reg[40][0]
         u_fir/delay_reg[41][16]
         u_fir/delay_reg[41][15]
         u_fir/delay_reg[41][14]
         u_fir/delay_reg[41][13]
         u_fir/delay_reg[41][12]
         u_fir/delay_reg[41][11]
         u_fir/delay_reg[41][10]
         u_fir/delay_reg[41][9]
         u_fir/delay_reg[41][8]
         u_fir/delay_reg[41][7]
         u_fir/delay_reg[41][6]
         u_fir/delay_reg[41][5]
         u_fir/delay_reg[41][4]
         u_fir/delay_reg[41][3]
         u_fir/delay_reg[41][2]
         u_fir/delay_reg[41][1]
         u_fir/delay_reg[41][0]
         u_fir/delay_reg[42][16]
         u_fir/delay_reg[42][15]
         u_fir/delay_reg[42][14]
         u_fir/delay_reg[42][13]
         u_fir/delay_reg[42][12]
         u_fir/delay_reg[42][11]
         u_fir/delay_reg[42][10]
         u_fir/delay_reg[42][9]
         u_fir/delay_reg[42][8]
         u_fir/delay_reg[42][7]
         u_fir/delay_reg[42][6]
         u_fir/delay_reg[42][5]
         u_fir/delay_reg[42][4]
         u_fir/delay_reg[42][3]
         u_fir/delay_reg[42][2]
         u_fir/delay_reg[42][1]
         u_fir/delay_reg[42][0]
         u_fir/delay_reg[43][16]
         u_fir/delay_reg[43][15]
         u_fir/delay_reg[43][14]
         u_fir/delay_reg[43][13]
         u_fir/delay_reg[43][12]
         u_fir/delay_reg[43][11]
         u_fir/delay_reg[43][10]
         u_fir/delay_reg[43][9]
         u_fir/delay_reg[43][8]
         u_fir/delay_reg[43][7]
         u_fir/delay_reg[43][6]
         u_fir/delay_reg[43][5]
         u_fir/delay_reg[43][4]
         u_fir/delay_reg[43][3]
         u_fir/delay_reg[43][2]
         u_fir/delay_reg[43][1]
         u_fir/delay_reg[43][0]
         u_fir/delay_reg[44][16]
         u_fir/delay_reg[44][15]
         u_fir/delay_reg[44][14]
         u_fir/delay_reg[44][13]
         u_fir/delay_reg[44][12]
         u_fir/delay_reg[44][11]
         u_fir/delay_reg[44][10]
         u_fir/delay_reg[44][9]
         u_fir/delay_reg[44][8]
         u_fir/delay_reg[44][7]
         u_fir/delay_reg[44][6]
         u_fir/delay_reg[44][5]
         u_fir/delay_reg[44][4]
         u_fir/delay_reg[44][3]
         u_fir/delay_reg[44][2]
         u_fir/delay_reg[44][1]
         u_fir/delay_reg[44][0]
         u_fir/delay_reg[45][16]
         u_fir/delay_reg[45][15]
         u_fir/delay_reg[45][14]
         u_fir/delay_reg[45][13]
         u_fir/delay_reg[45][12]
         u_fir/delay_reg[45][11]
         u_fir/delay_reg[45][10]
         u_fir/delay_reg[45][9]
         u_fir/delay_reg[45][8]
         u_fir/delay_reg[45][7]
         u_fir/delay_reg[45][6]
         u_fir/delay_reg[45][5]
         u_fir/delay_reg[45][4]
         u_fir/delay_reg[45][3]
         u_fir/delay_reg[45][2]
         u_fir/delay_reg[45][1]
         u_fir/delay_reg[45][0]
         u_fir/delay_reg[46][16]
         u_fir/delay_reg[46][15]
         u_fir/delay_reg[46][14]
         u_fir/delay_reg[46][13]
         u_fir/delay_reg[46][12]
         u_fir/delay_reg[46][11]
         u_fir/delay_reg[46][10]
         u_fir/delay_reg[46][9]
         u_fir/delay_reg[46][8]
         u_fir/delay_reg[46][7]
         u_fir/delay_reg[46][6]
         u_fir/delay_reg[46][5]
         u_fir/delay_reg[46][4]
         u_fir/delay_reg[46][3]
         u_fir/delay_reg[46][2]
         u_fir/delay_reg[46][1]
         u_fir/delay_reg[46][0]
         u_fir/delay_reg[47][16]
         u_fir/delay_reg[47][15]
         u_fir/delay_reg[47][14]
         u_fir/delay_reg[47][13]
         u_fir/delay_reg[47][12]
         u_fir/delay_reg[47][11]
         u_fir/delay_reg[47][10]
         u_fir/delay_reg[47][9]
         u_fir/delay_reg[47][8]
         u_fir/delay_reg[47][7]
         u_fir/delay_reg[47][6]
         u_fir/delay_reg[47][5]
         u_fir/delay_reg[47][4]
         u_fir/delay_reg[47][3]
         u_fir/delay_reg[47][2]
         u_fir/delay_reg[47][1]
         u_fir/delay_reg[47][0]
         u_fir/delay_reg[48][16]
         u_fir/delay_reg[48][15]
         u_fir/delay_reg[48][14]
         u_fir/delay_reg[48][13]
         u_fir/delay_reg[48][12]
         u_fir/delay_reg[48][11]
         u_fir/delay_reg[48][10]
         u_fir/delay_reg[48][9]
         u_fir/delay_reg[48][8]
         u_fir/delay_reg[48][7]
         u_fir/delay_reg[48][6]
         u_fir/delay_reg[48][5]
         u_fir/delay_reg[48][4]
         u_fir/delay_reg[48][3]
         u_fir/delay_reg[48][2]
         u_fir/delay_reg[48][1]
         u_fir/delay_reg[48][0]
         u_fir/delay_reg[49][16]
         u_fir/delay_reg[49][15]
         u_fir/delay_reg[49][14]
         u_fir/delay_reg[49][13]
         u_fir/delay_reg[49][12]
         u_fir/delay_reg[49][11]
         u_fir/delay_reg[49][10]
         u_fir/delay_reg[49][9]
         u_fir/delay_reg[49][8]
         u_fir/delay_reg[49][7]
         u_fir/delay_reg[49][6]
         u_fir/delay_reg[49][5]
         u_fir/delay_reg[49][4]
         u_fir/delay_reg[49][3]
         u_fir/delay_reg[49][2]
         u_fir/delay_reg[49][1]
         u_fir/delay_reg[49][0]
         u_fir/delay_reg[50][16]
         u_fir/delay_reg[50][15]
         u_fir/delay_reg[50][14]
         u_fir/delay_reg[50][13]
         u_fir/delay_reg[50][12]
         u_fir/delay_reg[50][11]
         u_fir/delay_reg[50][10]
         u_fir/delay_reg[50][9]
         u_fir/delay_reg[50][8]
         u_fir/delay_reg[50][7]
         u_fir/delay_reg[50][6]
         u_fir/delay_reg[50][5]
         u_fir/delay_reg[50][4]
         u_fir/delay_reg[50][3]
         u_fir/delay_reg[50][2]
         u_fir/delay_reg[50][1]
         u_fir/delay_reg[50][0]
         u_fir/delay_reg[51][16]
         u_fir/delay_reg[51][15]
         u_fir/delay_reg[51][14]
         u_fir/delay_reg[51][13]
         u_fir/delay_reg[51][12]
         u_fir/delay_reg[51][11]
         u_fir/delay_reg[51][10]
         u_fir/delay_reg[51][9]
         u_fir/delay_reg[51][8]
         u_fir/delay_reg[51][7]
         u_fir/delay_reg[51][6]
         u_fir/delay_reg[51][5]
         u_fir/delay_reg[51][4]
         u_fir/delay_reg[51][3]
         u_fir/delay_reg[51][2]
         u_fir/delay_reg[51][1]
         u_fir/delay_reg[51][0]
         u_fir/delay_reg[52][16]
         u_fir/delay_reg[52][15]
         u_fir/delay_reg[52][14]
         u_fir/delay_reg[52][13]
         u_fir/delay_reg[52][12]
         u_fir/delay_reg[52][11]
         u_fir/delay_reg[52][10]
         u_fir/delay_reg[52][9]
         u_fir/delay_reg[52][8]
         u_fir/delay_reg[52][7]
         u_fir/delay_reg[52][6]
         u_fir/delay_reg[52][5]
         u_fir/delay_reg[52][4]
         u_fir/delay_reg[52][3]
         u_fir/delay_reg[52][2]
         u_fir/delay_reg[52][1]
         u_fir/delay_reg[52][0]
         u_fir/delay_reg[53][16]
         u_fir/delay_reg[53][15]
         u_fir/delay_reg[53][14]
         u_fir/delay_reg[53][13]
         u_fir/delay_reg[53][12]
         u_fir/delay_reg[53][11]
         u_fir/delay_reg[53][10]
         u_fir/delay_reg[53][9]
         u_fir/delay_reg[53][8]
         u_fir/delay_reg[53][7]
         u_fir/delay_reg[53][6]
         u_fir/delay_reg[53][5]
         u_fir/delay_reg[53][4]
         u_fir/delay_reg[53][3]
         u_fir/delay_reg[53][2]
         u_fir/delay_reg[53][1]
         u_fir/delay_reg[53][0]
         u_fir/delay_reg[54][16]
         u_fir/delay_reg[54][15]
         u_fir/delay_reg[54][14]
         u_fir/delay_reg[54][13]
         u_fir/delay_reg[54][12]
         u_fir/delay_reg[54][11]
         u_fir/delay_reg[54][10]
         u_fir/delay_reg[54][9]
         u_fir/delay_reg[54][8]
         u_fir/delay_reg[54][7]
         u_fir/delay_reg[54][6]
         u_fir/delay_reg[54][5]
         u_fir/delay_reg[54][4]
         u_fir/delay_reg[54][3]
         u_fir/delay_reg[54][2]
         u_fir/delay_reg[54][1]
         u_fir/delay_reg[54][0]
         u_fir/delay_reg[55][16]
         u_fir/delay_reg[55][15]
         u_fir/delay_reg[55][14]
         u_fir/delay_reg[55][13]
         u_fir/delay_reg[55][12]
         u_fir/delay_reg[55][11]
         u_fir/delay_reg[55][10]
         u_fir/delay_reg[55][9]
         u_fir/delay_reg[55][8]
         u_fir/delay_reg[55][7]
         u_fir/delay_reg[55][6]
         u_fir/delay_reg[55][5]
         u_fir/delay_reg[55][4]
         u_fir/delay_reg[55][3]
         u_fir/delay_reg[55][2]
         u_fir/delay_reg[55][1]
         u_fir/delay_reg[55][0]
         u_fir/delay_reg[56][16]
         u_fir/delay_reg[56][15]
         u_fir/delay_reg[56][14]
         u_fir/delay_reg[56][13]
         u_fir/delay_reg[56][12]
         u_fir/delay_reg[56][11]
         u_fir/delay_reg[56][10]
         u_fir/delay_reg[56][9]
         u_fir/delay_reg[56][8]
         u_fir/delay_reg[56][7]
         u_fir/delay_reg[56][6]
         u_fir/delay_reg[56][5]
         u_fir/delay_reg[56][4]
         u_fir/delay_reg[56][3]
         u_fir/delay_reg[56][2]
         u_fir/delay_reg[56][1]
         u_fir/delay_reg[56][0]
         u_fir/delay_reg[57][16]
         u_fir/delay_reg[57][15]
         u_fir/delay_reg[57][14]
         u_fir/delay_reg[57][13]
         u_fir/delay_reg[57][12]
         u_fir/delay_reg[57][11]
         u_fir/delay_reg[57][10]
         u_fir/delay_reg[57][9]
         u_fir/delay_reg[57][8]
         u_fir/delay_reg[57][7]
         u_fir/delay_reg[57][6]
         u_fir/delay_reg[57][5]
         u_fir/delay_reg[57][4]
         u_fir/delay_reg[57][3]
         u_fir/delay_reg[57][2]
         u_fir/delay_reg[57][1]
         u_fir/delay_reg[57][0]
         u_fir/delay_reg[58][16]
         u_fir/delay_reg[58][15]
         u_fir/delay_reg[58][14]
         u_fir/delay_reg[58][13]
         u_fir/delay_reg[58][12]
         u_fir/delay_reg[58][11]
         u_fir/delay_reg[58][10]
         u_fir/delay_reg[58][9]
         u_fir/delay_reg[58][8]
         u_fir/delay_reg[58][7]
         u_fir/delay_reg[58][6]
         u_fir/delay_reg[58][5]
         u_fir/delay_reg[58][4]
         u_fir/delay_reg[58][3]
         u_fir/delay_reg[58][2]
         u_fir/delay_reg[58][1]
         u_fir/delay_reg[58][0]
         u_fir/delay_reg[59][16]
         u_fir/delay_reg[59][15]
         u_fir/delay_reg[59][14]
         u_fir/delay_reg[59][13]
         u_fir/delay_reg[59][12]
         u_fir/delay_reg[59][11]
         u_fir/delay_reg[59][10]
         u_fir/delay_reg[59][9]
         u_fir/delay_reg[59][8]
         u_fir/delay_reg[59][7]
         u_fir/delay_reg[59][6]
         u_fir/delay_reg[59][5]
         u_fir/delay_reg[59][4]
         u_fir/delay_reg[59][3]
         u_fir/delay_reg[59][2]
         u_fir/delay_reg[59][1]
         u_fir/delay_reg[59][0]
         u_fir/delay_reg[60][16]
         u_fir/delay_reg[60][15]
         u_fir/delay_reg[60][14]
         u_fir/delay_reg[60][13]
         u_fir/delay_reg[60][12]
         u_fir/delay_reg[60][11]
         u_fir/delay_reg[60][10]
         u_fir/delay_reg[60][9]
         u_fir/delay_reg[60][8]
         u_fir/delay_reg[60][7]
         u_fir/delay_reg[60][6]
         u_fir/delay_reg[60][5]
         u_fir/delay_reg[60][4]
         u_fir/delay_reg[60][3]
         u_fir/delay_reg[60][2]
         u_fir/delay_reg[60][1]
         u_fir/delay_reg[60][0]
         u_fir/delay_reg[61][16]
         u_fir/delay_reg[61][15]
         u_fir/delay_reg[61][14]
         u_fir/delay_reg[61][13]
         u_fir/delay_reg[61][12]
         u_fir/delay_reg[61][11]
         u_fir/delay_reg[61][10]
         u_fir/delay_reg[61][9]
         u_fir/delay_reg[61][8]
         u_fir/delay_reg[61][7]
         u_fir/delay_reg[61][6]
         u_fir/delay_reg[61][5]
         u_fir/delay_reg[61][4]
         u_fir/delay_reg[61][3]
         u_fir/delay_reg[61][2]
         u_fir/delay_reg[61][1]
         u_fir/delay_reg[61][0]
         u_fir/delay_reg[62][16]
         u_fir/delay_reg[62][15]
         u_fir/delay_reg[62][14]
         u_fir/delay_reg[62][13]
         u_fir/delay_reg[62][12]
         u_fir/delay_reg[62][11]
         u_fir/delay_reg[62][10]
         u_fir/delay_reg[62][9]
         u_fir/delay_reg[62][8]
         u_fir/delay_reg[62][7]
         u_fir/delay_reg[62][6]
         u_fir/delay_reg[62][5]
         u_fir/delay_reg[62][4]
         u_fir/delay_reg[62][3]
         u_fir/delay_reg[62][2]
         u_fir/delay_reg[62][1]
         u_fir/delay_reg[62][0]
         u_fir/delay_reg[63][16]
         u_fir/delay_reg[63][15]
         u_fir/delay_reg[63][14]
         u_fir/delay_reg[63][13]
         u_fir/delay_reg[63][12]
         u_fir/delay_reg[63][11]
         u_fir/delay_reg[63][10]
         u_fir/delay_reg[63][9]
         u_fir/delay_reg[63][8]
         u_fir/delay_reg[63][7]
         u_fir/delay_reg[63][6]
         u_fir/delay_reg[63][5]
         u_fir/delay_reg[63][4]
         u_fir/delay_reg[63][3]
         u_fir/delay_reg[63][2]
         u_fir/delay_reg[63][1]
         u_fir/delay_reg[63][0]

Information: Test design rule checking completed. (TEST-123)
1
