 
****************************************
Report : DFT signals
Design : filtro_pdm
Version: X-2025.06-SP2
Date   : Fri Oct  9 20:38:53 2026
****************************************

========================================
TEST MODE: all_dft_user
VIEW     : Existing DFT
========================================
Port               SignalType          Active    Hookup    Timing    Usage
----------         ----------          ------    ------    ------    -----
clk                ScanMasterClock     1         -         P 100.0 R 45.0 F 55.0
clk                MasterClock         1         -         P 100.0 R 45.0 F 55.0
========================================
TEST MODE: all_dft_protocol
VIEW     : Existing DFT
========================================
Port               SignalType          Active    Hookup    Timing    Usage
----------         ----------          ------    ------    ------    -----
clk                ScanMasterClock     1         -         P 100.0 R 45.0 F 55.0
clk                MasterClock         1         -         P 100.0 R 45.0 F 55.0
========================================
TEST MODE: all_dft
VIEW     : Existing DFT
========================================
Port               SignalType          Active    Hookup    Timing    Usage
----------         ----------          ------    ------    ------    -----
clk                ScanMasterClock     1         -         P 100.0 R 45.0 F 55.0
clk                MasterClock         1         -         P 100.0 R 45.0 F 55.0
========================================
TEST MODE: Internal_scan_user
VIEW     : Existing DFT
========================================
Port               SignalType          Active    Hookup    Timing    Usage
----------         ----------          ------    ------    ------    -----
clk                ScanMasterClock     1         -         P 100.0 R 45.0 F 55.0
clk                MasterClock         1         -         P 100.0 R 45.0 F 55.0
========================================
TEST MODE: Internal_scan_protocol
VIEW     : Existing DFT
========================================
Port               SignalType          Active    Hookup    Timing    Usage
----------         ----------          ------    ------    ------    -----
clk                ScanMasterClock     1         -         P 100.0 R 45.0 F 55.0
clk                MasterClock         1         -         P 100.0 R 45.0 F 55.0
========================================
TEST MODE: Internal_scan
VIEW     : Existing DFT
========================================
Port               SignalType          Active    Hookup    Timing    Usage
----------         ----------          ------    ------    ------    -----
clk                ScanMasterClock     1         -         P 100.0 R 45.0 F 55.0
clk                MasterClock         1         -         P 100.0 R 45.0 F 55.0
scan_out           ScanDataOut         -         -
scan_in            ScanDataIn          -         -
scan_en            ScanEnable          1         -
========================================
TEST MODE: Mission_mode_user
VIEW     : Existing DFT
========================================
Port               SignalType          Active    Hookup    Timing    Usage
----------         ----------          ------    ------    ------    -----
clk                ScanMasterClock     1         -         P 100.0 R 45.0 F 55.0
clk                MasterClock         1         -         P 100.0 R 45.0 F 55.0
========================================
TEST MODE: Mission_mode_protocol
VIEW     : Existing DFT
========================================
Port               SignalType          Active    Hookup    Timing    Usage
----------         ----------          ------    ------    ------    -----
clk                ScanMasterClock     1         -         P 100.0 R 45.0 F 55.0
clk                MasterClock         1         -         P 100.0 R 45.0 F 55.0
========================================
TEST MODE: Mission_mode
VIEW     : Existing DFT
========================================
Port               SignalType          Active    Hookup    Timing    Usage
----------         ----------          ------    ------    ------    -----
clk                ScanMasterClock     1         -         P 100.0 R 45.0 F 55.0
clk                MasterClock         1         -         P 100.0 R 45.0 F 55.0

1
