 
****************************************
Report : qor
Design : filtro_pdm
Version: X-2025.06-SP2
Date   : Fri Oct  9 20:38:53 2026
****************************************


  Timing Path Group 'clk'
  -----------------------------------
  Levels of Logic:              25.00
  Critical Path Length:          3.30
  Critical Path Slack:          59.77
  Critical Path Clk Period:    208.33
  Total Negative Slack:          0.00
  No. of Violating Paths:        0.00
  Worst Hold Violation:         -0.02
  Total Hold Violation:         -0.02
  No. of Hold Violations:        1.00
  -----------------------------------


  Cell Count
  -----------------------------------
  Hierarchical Cell Count:          1
  Hierarchical Port Count:         42
  Leaf Cell Count:               8082
  Buf/Inv Cell Count:            1890
  Buf Cell Count:                 249
  Inv Cell Count:                1641
  CT Buf/Inv Cell Count:            0
  Combinational Cell Count:      6750
  Sequential Cell Count:         1332
  Macro Count:                      0
  -----------------------------------


  Area
  -----------------------------------
  Combinational Area:    20808.293793
  Noncombinational Area: 11509.673264
  Buf/Inv Area:           2593.285410
  Total Buffer Area:           506.25
  Total Inverter Area:        2087.03
  Macro/Black Box Area:      0.000000
  Net Area:               8199.901812
  -----------------------------------
  Cell Area:             32317.967057
  Design Area:           40517.868869


  Design Rules
  -----------------------------------
  Total Number of Nets:         11997
  Nets With Violations:             0
  Max Trans Violations:             0
  Max Cap Violations:               0
  -----------------------------------


  Hostname: srv-microeletronica3

  Compile CPU Statistics
  -----------------------------------------
  Resource Sharing:                    0.00
  Logic Optimization:                  0.23
  Mapping Optimization:                1.68
  -----------------------------------------
  Overall Compile Time:                7.97
  Overall Compile Wall Clock Time:     8.44

  --------------------------------------------------------------------

  Design  WNS: 0.00  TNS: 0.00  Number of Violating Paths: 0


  Design (Hold)  WNS: 0.02  TNS: 0.02  Number of Violating Paths: 1

  --------------------------------------------------------------------


1
