 
****************************************
Report : reference
Design : filtro_pdm
Version: X-2025.06-SP2
Date   : Fri Oct  9 20:38:53 2026
****************************************

Attributes:
    b - black box (unknown)
   bo - allows boundary optimization
    d - dont_touch
   mo - map_only
    h - hierarchical
    n - noncombinational
    r - removable
    s - synthetic operator
    u - contains unmapped logic

Reference          Library       Unit Area   Count    Total Area   Attributes
-----------------------------------------------------------------------------
AND2X1_RVT         saed32rvt_tt0p85v25c
                                  2.033152      68    138.254343  
AND3X1_RVT         saed32rvt_tt0p85v25c
                                  2.287296       2      4.574592  
AO21X1_RVT         saed32rvt_tt0p85v25c
                                  2.541440       3      7.624320  
AO22X1_RVT         saed32rvt_tt0p85v25c
                                  2.541440     207    526.078082  
AO222X1_RVT        saed32rvt_tt0p85v25c
                                  3.303872      71    234.574920  
FADDX1_RVT         saed32rvt_tt0p85v25c
                                  4.828736      52    251.094263  r
HADDX1_RVT         saed32rvt_tt0p85v25c
                                  3.303872      73    241.182664  r
INVX0_RVT          saed32rvt_tt0p85v25c
                                  1.270720      65     82.596800  
INVX4_RVT          saed32rvt_tt0p85v25c
                                  2.033152       1      2.033152  
NAND2X0_RVT        saed32rvt_tt0p85v25c
                                  1.524864       4      6.099456  
NAND3X0_RVT        saed32rvt_tt0p85v25c
                                  1.779008       1      1.779008  
NAND4X0_RVT        saed32rvt_tt0p85v25c
                                  2.033152       1      2.033152  
NBUFFX2_RVT        saed32rvt_tt0p85v25c
                                  2.033152      10     20.331521  
NOR2X0_RVT         saed32rvt_tt0p85v25c
                                  2.541440       7     17.790080  
OA21X1_RVT         saed32rvt_tt0p85v25c
                                  2.541440       2      5.082880  
OA22X1_RVT         saed32rvt_tt0p85v25c
                                  2.541440      10     25.414400  
OA221X1_RVT        saed32rvt_tt0p85v25c
                                  3.049728      16     48.795647  
OA222X1_RVT        saed32rvt_tt0p85v25c
                                  3.303872      10     33.038721  
OR2X1_RVT          saed32rvt_tt0p85v25c
                                  2.033152       4      8.132608  
SDFFX1_RVT         saed32rvt_tt0p85v25c
                                  8.640896     224   1935.560669  n
XOR2X1_RVT         saed32rvt_tt0p85v25c
                                  4.320448       4     17.281792  
fir_BITS_IN17_BITS_COEF16_BITS_ACC34_BITS_OUT19_TAPS65_FRAC15_test_1
                              28708.613986       1  28708.613986  h, n
-----------------------------------------------------------------------------
Total 22 references                                 32317.967057
1
