 
****************************************
Report : resources
Design : filtro_pdm
Version: X-2025.06-SP2
Date   : Fri Oct  9 20:38:53 2026
****************************************


Resource Report for this hierarchy in file ./rtl/filtro_pdm.sv
=============================================================================
| Cell           | Module         | Parameters | Contained Operations       |
=============================================================================
| add_x_6        | DW01_inc       | width=4    | u_cic/u_decimador/add_24 (decimador.sv:24) |
| sub_x_9        | DW01_sub       | width=18   | u_cic/u_combs/u_comb1/sub_38 (comb.sv:38) |
| sub_x_14       | DW01_sub       | width=18   | u_cic/u_combs/u_comb4/sub_38 (comb.sv:38) |
| sub_x_19       | DW01_sub       | width=18   | u_cic/u_combs/u_comb3/sub_38 (comb.sv:38) |
| sub_x_24       | DW01_sub       | width=18   | u_cic/u_combs/u_comb2/sub_38 (comb.sv:38) |
| DP_OP_38J1_125_1878             |            |                            |
|                | DP_OP_38J1_125_1878 |       |                            |
=============================================================================

Datapath Report for DP_OP_38J1_125_1878
==============================================================================
| Cell                 | Contained Operations                                |
==============================================================================
| DP_OP_38J1_125_1878  | u_cic/u_integradores/add_26 (cic_integradores.sv:26) |
                      | u_cic/u_integradores/add_28 (cic_integradores.sv:28) |
                      | u_cic/u_integradores/add_30 (cic_integradores.sv:30) |
                      | u_cic/u_integradores/add_32 (cic_integradores.sv:32) |
==============================================================================

==============================================================================
|       |      | Data     |       |                                          |
| Var   | Type | Class    | Width | Expression                               |
==============================================================================
| I1    | PI   | Signed   | 18    |                                          |
| I2    | PI   | Signed   | 18    |                                          |
| I3    | PI   | Signed   | 18    |                                          |
| I4    | PI   | Signed   | 18    |                                          |
| I5    | PI   | Signed   | 18    |                                          |
| O1    | PO   | Unsigned | 18    | I1 + I2 (cic_integradores.sv:26)         |
| O2    | PO   | Unsigned | 18    | I3 + O1 (cic_integradores.sv:28)         |
| O3    | PO   | Unsigned | 18    | I4 + O2 (cic_integradores.sv:30)         |
| O4    | PO   | Unsigned | 18    | I5 + O3 (cic_integradores.sv:32)         |
==============================================================================


Implementation Report
===============================================================================
|                    |                  | Current            | Set            |
| Cell               | Module           | Implementation     | Implementation |
===============================================================================
| add_x_6            | DW01_inc         | apparch (area)     |                |
| sub_x_9            | DW01_sub         | apparch (area)     |                |
| sub_x_14           | DW01_sub         | apparch (area)     |                |
| sub_x_19           | DW01_sub         | apparch (area)     |                |
| sub_x_24           | DW01_sub         | apparch (area)     |                |
| DP_OP_38J1_125_1878                   |                    |                |
|                    | DP_OP_38J1_125_1878 | str (area)      |                |
===============================================================================

1
