 
****************************************
Report : Scan path
Design : filtro_pdm
Version: X-2025.06-SP2
Date   : Fri Oct  9 20:38:53 2026
****************************************

========================================
TEST MODE: Internal_scan
VIEW     : Existing DFT
========================================

========================================
AS SPECIFIED BY USER
========================================


========================================
AS BUILT BY insert_dft
========================================

Scan_path    Len   ScanDataIn  ScanDataOut ScanEnable  MasterClock SlaveClock
-----------  ----- ----------- ----------- ----------- ----------- -----------
I 1          1332  scan_in     scan_out    scan_en     clk         -

1
