 
****************************************
Report : timing
        -path full
        -delay max
        -max_paths 10
Design : filtro_pdm
Version: X-2025.06-SP2
Date   : Fri Oct  9 20:38:53 2026
****************************************

 # A fanout number of 1000 was used for high fanout net computations.

Operating Conditions: tt0p85v25c   Library: saed32rvt_tt0p85v25c
Wire Load Model Mode: enclosed

  Startpoint: pdm_in (input port clocked by clk)
  Endpoint: u_cic/u_integradores/int4_reg[17]
            (rising edge-triggered flip-flop clocked by clk)
  Path Group: clk
  Path Type: max

  Des/Clust/Port     Wire Load Model       Library
  ------------------------------------------------
  filtro_pdm         35000                 saed32rvt_tt0p85v25c

  Point                                                   Incr       Path
  --------------------------------------------------------------------------
  clock clk (fall edge)                                 104.17     104.17
  clock network delay (ideal)                             0.00     104.17
  input external delay                                   40.00     144.17 r
  pdm_in (in)                                             0.00     144.17 r
  intadd_2/U16/S (FADDX1_RVT)                             0.25     144.41 f
  U261/Y (INVX0_RVT)                                      0.06     144.47 r
  intadd_1/U18/S (FADDX1_RVT)                             0.20     144.67 f
  intadd_0/U18/S (FADDX1_RVT)                             0.20     144.87 r
  U299/Y (INVX0_RVT)                                      0.05     144.92 f
  U301/Y (OA222X1_RVT)                                    0.11     145.03 f
  U307/Y (OA222X1_RVT)                                    0.14     145.17 f
  U313/Y (OA222X1_RVT)                                    0.12     145.29 f
  U319/Y (OA222X1_RVT)                                    0.14     145.43 f
  U325/Y (OA222X1_RVT)                                    0.14     145.57 f
  U331/Y (OA222X1_RVT)                                    0.14     145.70 f
  U337/Y (OA222X1_RVT)                                    0.14     145.84 f
  U343/Y (OA222X1_RVT)                                    0.14     145.98 f
  U349/Y (OA222X1_RVT)                                    0.13     146.10 f
  U350/Y (INVX0_RVT)                                      0.06     146.16 r
  U355/Y (AO222X1_RVT)                                    0.14     146.30 r
  U360/Y (AO222X1_RVT)                                    0.15     146.45 r
  U365/Y (AO222X1_RVT)                                    0.15     146.59 r
  U370/Y (AO222X1_RVT)                                    0.15     146.74 r
  U375/Y (AO222X1_RVT)                                    0.15     146.88 r
  U381/Y (AO222X1_RVT)                                    0.15     147.03 r
  U394/Y (AO222X1_RVT)                                    0.13     147.16 r
  U395/SO (HADDX1_RVT)                                    0.12     147.28 f
  U396/SO (HADDX1_RVT)                                    0.12     147.40 r
  U397/Y (AND2X1_RVT)                                     0.06     147.46 r
  u_cic/u_integradores/int4_reg[17]/D (SDFFX1_RVT)        0.01     147.47 r
  data arrival time                                                147.47

  clock clk (rise edge)                                 208.33     208.33
  clock network delay (ideal)                             0.00     208.33
  clock uncertainty                                      -1.00     207.33
  u_cic/u_integradores/int4_reg[17]/CLK (SDFFX1_RVT)      0.00     207.33 r
  library setup time                                     -0.10     207.23
  data required time                                               207.23
  --------------------------------------------------------------------------
  data required time                                               207.23
  data arrival time                                               -147.47
  --------------------------------------------------------------------------
  slack (MET)                                                       59.77


  Startpoint: pdm_in (input port clocked by clk)
  Endpoint: u_cic/u_integradores/int4_reg[16]
            (rising edge-triggered flip-flop clocked by clk)
  Path Group: clk
  Path Type: max

  Des/Clust/Port     Wire Load Model       Library
  ------------------------------------------------
  filtro_pdm         35000                 saed32rvt_tt0p85v25c

  Point                                                   Incr       Path
  --------------------------------------------------------------------------
  clock clk (fall edge)                                 104.17     104.17
  clock network delay (ideal)                             0.00     104.17
  input external delay                                   40.00     144.17 r
  pdm_in (in)                                             0.00     144.17 r
  intadd_2/U16/S (FADDX1_RVT)                             0.25     144.41 f
  U261/Y (INVX0_RVT)                                      0.06     144.47 r
  intadd_1/U18/S (FADDX1_RVT)                             0.20     144.67 f
  intadd_0/U18/S (FADDX1_RVT)                             0.20     144.87 r
  U299/Y (INVX0_RVT)                                      0.05     144.92 f
  U301/Y (OA222X1_RVT)                                    0.11     145.03 f
  U307/Y (OA222X1_RVT)                                    0.14     145.17 f
  U313/Y (OA222X1_RVT)                                    0.12     145.29 f
  U319/Y (OA222X1_RVT)                                    0.14     145.43 f
  U325/Y (OA222X1_RVT)                                    0.14     145.57 f
  U331/Y (OA222X1_RVT)                                    0.14     145.70 f
  U337/Y (OA222X1_RVT)                                    0.14     145.84 f
  U343/Y (OA222X1_RVT)                                    0.14     145.98 f
  U349/Y (OA222X1_RVT)                                    0.13     146.10 f
  U350/Y (INVX0_RVT)                                      0.06     146.16 r
  U355/Y (AO222X1_RVT)                                    0.14     146.30 r
  U360/Y (AO222X1_RVT)                                    0.15     146.45 r
  U365/Y (AO222X1_RVT)                                    0.15     146.59 r
  U370/Y (AO222X1_RVT)                                    0.15     146.74 r
  U375/Y (AO222X1_RVT)                                    0.15     146.88 r
  U381/Y (AO222X1_RVT)                                    0.15     147.03 r
  U382/SO (HADDX1_RVT)                                    0.13     147.16 f
  U384/Y (INVX0_RVT)                                      0.04     147.20 r
  U385/Y (OA221X1_RVT)                                    0.08     147.28 r
  u_cic/u_integradores/int4_reg[16]/D (SDFFX1_RVT)        0.01     147.29 r
  data arrival time                                                147.29

  clock clk (rise edge)                                 208.33     208.33
  clock network delay (ideal)                             0.00     208.33
  clock uncertainty                                      -1.00     207.33
  u_cic/u_integradores/int4_reg[16]/CLK (SDFFX1_RVT)      0.00     207.33 r
  library setup time                                     -0.10     207.23
  data required time                                               207.23
  --------------------------------------------------------------------------
  data required time                                               207.23
  data arrival time                                               -147.29
  --------------------------------------------------------------------------
  slack (MET)                                                       59.95


  Startpoint: pdm_in (input port clocked by clk)
  Endpoint: u_cic/u_integradores/int4_reg[15]
            (rising edge-triggered flip-flop clocked by clk)
  Path Group: clk
  Path Type: max

  Des/Clust/Port     Wire Load Model       Library
  ------------------------------------------------
  filtro_pdm         35000                 saed32rvt_tt0p85v25c

  Point                                                   Incr       Path
  --------------------------------------------------------------------------
  clock clk (fall edge)                                 104.17     104.17
  clock network delay (ideal)                             0.00     104.17
  input external delay                                   40.00     144.17 r
  pdm_in (in)                                             0.00     144.17 r
  intadd_2/U16/S (FADDX1_RVT)                             0.25     144.41 f
  U261/Y (INVX0_RVT)                                      0.06     144.47 r
  intadd_1/U18/S (FADDX1_RVT)                             0.20     144.67 f
  intadd_0/U18/S (FADDX1_RVT)                             0.20     144.87 r
  U299/Y (INVX0_RVT)                                      0.05     144.92 f
  U301/Y (OA222X1_RVT)                                    0.11     145.03 f
  U307/Y (OA222X1_RVT)                                    0.14     145.17 f
  U313/Y (OA222X1_RVT)                                    0.12     145.29 f
  U319/Y (OA222X1_RVT)                                    0.14     145.43 f
  U325/Y (OA222X1_RVT)                                    0.14     145.57 f
  U331/Y (OA222X1_RVT)                                    0.14     145.70 f
  U337/Y (OA222X1_RVT)                                    0.14     145.84 f
  U343/Y (OA222X1_RVT)                                    0.14     145.98 f
  U349/Y (OA222X1_RVT)                                    0.13     146.10 f
  U350/Y (INVX0_RVT)                                      0.06     146.16 r
  U355/Y (AO222X1_RVT)                                    0.14     146.30 r
  U360/Y (AO222X1_RVT)                                    0.15     146.45 r
  U365/Y (AO222X1_RVT)                                    0.15     146.59 r
  U370/Y (AO222X1_RVT)                                    0.15     146.74 r
  U375/Y (AO222X1_RVT)                                    0.15     146.88 r
  U376/SO (HADDX1_RVT)                                    0.13     147.01 f
  U378/Y (INVX0_RVT)                                      0.04     147.05 r
  U379/Y (OA221X1_RVT)                                    0.08     147.13 r
  u_cic/u_integradores/int4_reg[15]/D (SDFFX1_RVT)        0.01     147.14 r
  data arrival time                                                147.14

  clock clk (rise edge)                                 208.33     208.33
  clock network delay (ideal)                             0.00     208.33
  clock uncertainty                                      -1.00     207.33
  u_cic/u_integradores/int4_reg[15]/CLK (SDFFX1_RVT)      0.00     207.33 r
  library setup time                                     -0.10     207.23
  data required time                                               207.23
  --------------------------------------------------------------------------
  data required time                                               207.23
  data arrival time                                               -147.14
  --------------------------------------------------------------------------
  slack (MET)                                                       60.09


  Startpoint: pdm_in (input port clocked by clk)
  Endpoint: u_cic/u_integradores/int4_reg[14]
            (rising edge-triggered flip-flop clocked by clk)
  Path Group: clk
  Path Type: max

  Des/Clust/Port     Wire Load Model       Library
  ------------------------------------------------
  filtro_pdm         35000                 saed32rvt_tt0p85v25c

  Point                                                   Incr       Path
  --------------------------------------------------------------------------
  clock clk (fall edge)                                 104.17     104.17
  clock network delay (ideal)                             0.00     104.17
  input external delay                                   40.00     144.17 r
  pdm_in (in)                                             0.00     144.17 r
  intadd_2/U16/S (FADDX1_RVT)                             0.25     144.41 f
  U261/Y (INVX0_RVT)                                      0.06     144.47 r
  intadd_1/U18/S (FADDX1_RVT)                             0.20     144.67 f
  intadd_0/U18/S (FADDX1_RVT)                             0.20     144.87 r
  U299/Y (INVX0_RVT)                                      0.05     144.92 f
  U301/Y (OA222X1_RVT)                                    0.11     145.03 f
  U307/Y (OA222X1_RVT)                                    0.14     145.17 f
  U313/Y (OA222X1_RVT)                                    0.12     145.29 f
  U319/Y (OA222X1_RVT)                                    0.14     145.43 f
  U325/Y (OA222X1_RVT)                                    0.14     145.57 f
  U331/Y (OA222X1_RVT)                                    0.14     145.70 f
  U337/Y (OA222X1_RVT)                                    0.14     145.84 f
  U343/Y (OA222X1_RVT)                                    0.14     145.98 f
  U349/Y (OA222X1_RVT)                                    0.13     146.10 f
  U350/Y (INVX0_RVT)                                      0.06     146.16 r
  U355/Y (AO222X1_RVT)                                    0.14     146.30 r
  U360/Y (AO222X1_RVT)                                    0.15     146.45 r
  U365/Y (AO222X1_RVT)                                    0.15     146.59 r
  U370/Y (AO222X1_RVT)                                    0.15     146.74 r
  U371/SO (HADDX1_RVT)                                    0.13     146.86 f
  U373/Y (INVX0_RVT)                                      0.04     146.90 r
  U374/Y (OA221X1_RVT)                                    0.08     146.99 r
  u_cic/u_integradores/int4_reg[14]/D (SDFFX1_RVT)        0.01     147.00 r
  data arrival time                                                147.00

  clock clk (rise edge)                                 208.33     208.33
  clock network delay (ideal)                             0.00     208.33
  clock uncertainty                                      -1.00     207.33
  u_cic/u_integradores/int4_reg[14]/CLK (SDFFX1_RVT)      0.00     207.33 r
  library setup time                                     -0.10     207.23
  data required time                                               207.23
  --------------------------------------------------------------------------
  data required time                                               207.23
  data arrival time                                               -147.00
  --------------------------------------------------------------------------
  slack (MET)                                                       60.24


  Startpoint: pdm_in (input port clocked by clk)
  Endpoint: u_cic/u_integradores/int3_reg[17]
            (rising edge-triggered flip-flop clocked by clk)
  Path Group: clk
  Path Type: max

  Des/Clust/Port     Wire Load Model       Library
  ------------------------------------------------
  filtro_pdm         35000                 saed32rvt_tt0p85v25c

  Point                                                   Incr       Path
  --------------------------------------------------------------------------
  clock clk (fall edge)                                 104.17     104.17
  clock network delay (ideal)                             0.00     104.17
  input external delay                                   40.00     144.17 r
  pdm_in (in)                                             0.00     144.17 r
  intadd_2/U16/CO (FADDX1_RVT)                            0.21     144.37 r
  intadd_2/U15/CO (FADDX1_RVT)                            0.12     144.49 r
  intadd_2/U14/CO (FADDX1_RVT)                            0.12     144.61 r
  intadd_2/U13/CO (FADDX1_RVT)                            0.12     144.73 r
  intadd_2/U12/CO (FADDX1_RVT)                            0.12     144.85 r
  intadd_2/U11/CO (FADDX1_RVT)                            0.12     144.97 r
  intadd_2/U10/CO (FADDX1_RVT)                            0.12     145.08 r
  intadd_2/U9/CO (FADDX1_RVT)                             0.12     145.20 r
  intadd_2/U8/CO (FADDX1_RVT)                             0.12     145.32 r
  intadd_2/U7/CO (FADDX1_RVT)                             0.12     145.44 r
  intadd_2/U6/CO (FADDX1_RVT)                             0.12     145.55 r
  intadd_2/U5/CO (FADDX1_RVT)                             0.12     145.67 r
  intadd_2/U4/CO (FADDX1_RVT)                             0.12     145.79 r
  intadd_2/U3/CO (FADDX1_RVT)                             0.12     145.91 r
  intadd_2/U2/CO (FADDX1_RVT)                             0.13     146.04 r
  U387/Y (INVX0_RVT)                                      0.04     146.08 f
  U388/Y (OA222X1_RVT)                                    0.10     146.17 f
  U389/SO (HADDX1_RVT)                                    0.13     146.30 r
  U390/Y (XOR2X1_RVT)                                     0.13     146.44 f
  U391/Y (XOR2X1_RVT)                                     0.14     146.58 r
  U392/Y (XOR2X1_RVT)                                     0.13     146.71 f
  U393/Y (XOR2X1_RVT)                                     0.14     146.85 r
  U415/Y (AND2X1_RVT)                                     0.06     146.92 r
  u_cic/u_integradores/int3_reg[17]/D (SDFFX1_RVT)        0.01     146.93 r
  data arrival time                                                146.93

  clock clk (rise edge)                                 208.33     208.33
  clock network delay (ideal)                             0.00     208.33
  clock uncertainty                                      -1.00     207.33
  u_cic/u_integradores/int3_reg[17]/CLK (SDFFX1_RVT)      0.00     207.33 r
  library setup time                                     -0.10     207.24
  data required time                                               207.24
  --------------------------------------------------------------------------
  data required time                                               207.24
  data arrival time                                               -146.93
  --------------------------------------------------------------------------
  slack (MET)                                                       60.31


  Startpoint: pdm_in (input port clocked by clk)
  Endpoint: u_cic/u_integradores/int4_reg[13]
            (rising edge-triggered flip-flop clocked by clk)
  Path Group: clk
  Path Type: max

  Des/Clust/Port     Wire Load Model       Library
  ------------------------------------------------
  filtro_pdm         35000                 saed32rvt_tt0p85v25c

  Point                                                   Incr       Path
  --------------------------------------------------------------------------
  clock clk (fall edge)                                 104.17     104.17
  clock network delay (ideal)                             0.00     104.17
  input external delay                                   40.00     144.17 r
  pdm_in (in)                                             0.00     144.17 r
  intadd_2/U16/S (FADDX1_RVT)                             0.25     144.41 f
  U261/Y (INVX0_RVT)                                      0.06     144.47 r
  intadd_1/U18/S (FADDX1_RVT)                             0.20     144.67 f
  intadd_0/U18/S (FADDX1_RVT)                             0.20     144.87 r
  U299/Y (INVX0_RVT)                                      0.05     144.92 f
  U301/Y (OA222X1_RVT)                                    0.11     145.03 f
  U307/Y (OA222X1_RVT)                                    0.14     145.17 f
  U313/Y (OA222X1_RVT)                                    0.12     145.29 f
  U319/Y (OA222X1_RVT)                                    0.14     145.43 f
  U325/Y (OA222X1_RVT)                                    0.14     145.57 f
  U331/Y (OA222X1_RVT)                                    0.14     145.70 f
  U337/Y (OA222X1_RVT)                                    0.14     145.84 f
  U343/Y (OA222X1_RVT)                                    0.14     145.98 f
  U349/Y (OA222X1_RVT)                                    0.13     146.10 f
  U350/Y (INVX0_RVT)                                      0.06     146.16 r
  U355/Y (AO222X1_RVT)                                    0.14     146.30 r
  U360/Y (AO222X1_RVT)                                    0.15     146.45 r
  U365/Y (AO222X1_RVT)                                    0.15     146.59 r
  U366/SO (HADDX1_RVT)                                    0.13     146.72 f
  U368/Y (INVX0_RVT)                                      0.04     146.76 r
  U369/Y (OA221X1_RVT)                                    0.08     146.84 r
  u_cic/u_integradores/int4_reg[13]/D (SDFFX1_RVT)        0.01     146.85 r
  data arrival time                                                146.85

  clock clk (rise edge)                                 208.33     208.33
  clock network delay (ideal)                             0.00     208.33
  clock uncertainty                                      -1.00     207.33
  u_cic/u_integradores/int4_reg[13]/CLK (SDFFX1_RVT)      0.00     207.33 r
  library setup time                                     -0.10     207.23
  data required time                                               207.23
  --------------------------------------------------------------------------
  data required time                                               207.23
  data arrival time                                               -146.85
  --------------------------------------------------------------------------
  slack (MET)                                                       60.38


  Startpoint: pdm_in (input port clocked by clk)
  Endpoint: u_cic/u_integradores/int3_reg[16]
            (rising edge-triggered flip-flop clocked by clk)
  Path Group: clk
  Path Type: max

  Des/Clust/Port     Wire Load Model       Library
  ------------------------------------------------
  filtro_pdm         35000                 saed32rvt_tt0p85v25c

  Point                                                   Incr       Path
  --------------------------------------------------------------------------
  clock clk (fall edge)                                 104.17     104.17
  clock network delay (ideal)                             0.00     104.17
  input external delay                                   40.00     144.17 r
  pdm_in (in)                                             0.00     144.17 r
  intadd_2/U16/CO (FADDX1_RVT)                            0.21     144.37 r
  intadd_2/U15/CO (FADDX1_RVT)                            0.12     144.49 r
  intadd_2/U14/CO (FADDX1_RVT)                            0.12     144.61 r
  intadd_2/U13/CO (FADDX1_RVT)                            0.12     144.73 r
  intadd_2/U12/CO (FADDX1_RVT)                            0.12     144.85 r
  intadd_2/U11/CO (FADDX1_RVT)                            0.12     144.97 r
  intadd_2/U10/CO (FADDX1_RVT)                            0.12     145.08 r
  intadd_2/U9/CO (FADDX1_RVT)                             0.12     145.20 r
  intadd_2/U8/CO (FADDX1_RVT)                             0.12     145.32 r
  intadd_2/U7/CO (FADDX1_RVT)                             0.12     145.44 r
  intadd_2/U6/CO (FADDX1_RVT)                             0.12     145.55 r
  intadd_2/U5/CO (FADDX1_RVT)                             0.12     145.67 r
  intadd_2/U4/CO (FADDX1_RVT)                             0.12     145.79 r
  intadd_2/U3/CO (FADDX1_RVT)                             0.12     145.91 r
  intadd_2/U2/CO (FADDX1_RVT)                             0.13     146.04 r
  U380/S (FADDX1_RVT)                                     0.20     146.24 f
  intadd_1/U3/S (FADDX1_RVT)                              0.21     146.45 r
  intadd_0/U3/S (FADDX1_RVT)                              0.20     146.65 f
  U414/Y (AND2X1_RVT)                                     0.08     146.72 f
  u_cic/u_integradores/int3_reg[16]/D (SDFFX1_RVT)        0.01     146.73 f
  data arrival time                                                146.73

  clock clk (rise edge)                                 208.33     208.33
  clock network delay (ideal)                             0.00     208.33
  clock uncertainty                                      -1.00     207.33
  u_cic/u_integradores/int3_reg[16]/CLK (SDFFX1_RVT)      0.00     207.33 r
  library setup time                                     -0.10     207.24
  data required time                                               207.24
  --------------------------------------------------------------------------
  data required time                                               207.24
  data arrival time                                               -146.73
  --------------------------------------------------------------------------
  slack (MET)                                                       60.50


  Startpoint: pdm_in (input port clocked by clk)
  Endpoint: u_cic/u_integradores/int4_reg[12]
            (rising edge-triggered flip-flop clocked by clk)
  Path Group: clk
  Path Type: max

  Des/Clust/Port     Wire Load Model       Library
  ------------------------------------------------
  filtro_pdm         35000                 saed32rvt_tt0p85v25c

  Point                                                   Incr       Path
  --------------------------------------------------------------------------
  clock clk (fall edge)                                 104.17     104.17
  clock network delay (ideal)                             0.00     104.17
  input external delay                                   40.00     144.17 r
  pdm_in (in)                                             0.00     144.17 r
  intadd_2/U16/S (FADDX1_RVT)                             0.25     144.41 f
  U261/Y (INVX0_RVT)                                      0.06     144.47 r
  intadd_1/U18/S (FADDX1_RVT)                             0.20     144.67 f
  intadd_0/U18/S (FADDX1_RVT)                             0.20     144.87 r
  U299/Y (INVX0_RVT)                                      0.05     144.92 f
  U301/Y (OA222X1_RVT)                                    0.11     145.03 f
  U307/Y (OA222X1_RVT)                                    0.14     145.17 f
  U313/Y (OA222X1_RVT)                                    0.12     145.29 f
  U319/Y (OA222X1_RVT)                                    0.14     145.43 f
  U325/Y (OA222X1_RVT)                                    0.14     145.57 f
  U331/Y (OA222X1_RVT)                                    0.14     145.70 f
  U337/Y (OA222X1_RVT)                                    0.14     145.84 f
  U343/Y (OA222X1_RVT)                                    0.14     145.98 f
  U349/Y (OA222X1_RVT)                                    0.13     146.10 f
  U350/Y (INVX0_RVT)                                      0.06     146.16 r
  U355/Y (AO222X1_RVT)                                    0.14     146.30 r
  U360/Y (AO222X1_RVT)                                    0.15     146.45 r
  U361/SO (HADDX1_RVT)                                    0.13     146.57 f
  U363/Y (INVX0_RVT)                                      0.04     146.61 r
  U364/Y (OA221X1_RVT)                                    0.08     146.69 r
  u_cic/u_integradores/int4_reg[12]/D (SDFFX1_RVT)        0.01     146.70 r
  data arrival time                                                146.70

  clock clk (rise edge)                                 208.33     208.33
  clock network delay (ideal)                             0.00     208.33
  clock uncertainty                                      -1.00     207.33
  u_cic/u_integradores/int4_reg[12]/CLK (SDFFX1_RVT)      0.00     207.33 r
  library setup time                                     -0.10     207.23
  data required time                                               207.23
  --------------------------------------------------------------------------
  data required time                                               207.23
  data arrival time                                               -146.70
  --------------------------------------------------------------------------
  slack (MET)                                                       60.53


  Startpoint: pdm_in (input port clocked by clk)
  Endpoint: u_cic/u_integradores/int2_reg[17]
            (rising edge-triggered flip-flop clocked by clk)
  Path Group: clk
  Path Type: max

  Des/Clust/Port     Wire Load Model       Library
  ------------------------------------------------
  filtro_pdm         35000                 saed32rvt_tt0p85v25c

  Point                                                   Incr       Path
  --------------------------------------------------------------------------
  clock clk (fall edge)                                 104.17     104.17
  clock network delay (ideal)                             0.00     104.17
  input external delay                                   40.00     144.17 r
  pdm_in (in)                                             0.00     144.17 r
  intadd_2/U16/CO (FADDX1_RVT)                            0.21     144.37 r
  intadd_2/U15/CO (FADDX1_RVT)                            0.12     144.49 r
  intadd_2/U14/CO (FADDX1_RVT)                            0.12     144.61 r
  intadd_2/U13/CO (FADDX1_RVT)                            0.12     144.73 r
  intadd_2/U12/CO (FADDX1_RVT)                            0.12     144.85 r
  intadd_2/U11/CO (FADDX1_RVT)                            0.12     144.97 r
  intadd_2/U10/CO (FADDX1_RVT)                            0.12     145.08 r
  intadd_2/U9/CO (FADDX1_RVT)                             0.12     145.20 r
  intadd_2/U8/CO (FADDX1_RVT)                             0.12     145.32 r
  intadd_2/U7/CO (FADDX1_RVT)                             0.12     145.44 r
  intadd_2/U6/CO (FADDX1_RVT)                             0.12     145.55 r
  intadd_2/U5/CO (FADDX1_RVT)                             0.12     145.67 r
  intadd_2/U4/CO (FADDX1_RVT)                             0.12     145.79 r
  intadd_2/U3/CO (FADDX1_RVT)                             0.12     145.91 r
  intadd_2/U2/CO (FADDX1_RVT)                             0.13     146.04 r
  U387/Y (INVX0_RVT)                                      0.04     146.08 f
  U388/Y (OA222X1_RVT)                                    0.10     146.17 f
  U389/SO (HADDX1_RVT)                                    0.13     146.30 r
  U390/Y (XOR2X1_RVT)                                     0.13     146.44 f
  U391/Y (XOR2X1_RVT)                                     0.14     146.58 r
  U433/Y (AND2X1_RVT)                                     0.06     146.64 r
  u_cic/u_integradores/int2_reg[17]/D (SDFFX1_RVT)        0.01     146.65 r
  data arrival time                                                146.65

  clock clk (rise edge)                                 208.33     208.33
  clock network delay (ideal)                             0.00     208.33
  clock uncertainty                                      -1.00     207.33
  u_cic/u_integradores/int2_reg[17]/CLK (SDFFX1_RVT)      0.00     207.33 r
  library setup time                                     -0.10     207.24
  data required time                                               207.24
  --------------------------------------------------------------------------
  data required time                                               207.24
  data arrival time                                               -146.65
  --------------------------------------------------------------------------
  slack (MET)                                                       60.59


  Startpoint: pdm_in (input port clocked by clk)
  Endpoint: u_cic/u_integradores/int3_reg[15]
            (rising edge-triggered flip-flop clocked by clk)
  Path Group: clk
  Path Type: max

  Des/Clust/Port     Wire Load Model       Library
  ------------------------------------------------
  filtro_pdm         35000                 saed32rvt_tt0p85v25c

  Point                                                   Incr       Path
  --------------------------------------------------------------------------
  clock clk (fall edge)                                 104.17     104.17
  clock network delay (ideal)                             0.00     104.17
  input external delay                                   40.00     144.17 r
  pdm_in (in)                                             0.00     144.17 r
  intadd_2/U16/CO (FADDX1_RVT)                            0.21     144.37 r
  intadd_2/U15/CO (FADDX1_RVT)                            0.12     144.49 r
  intadd_2/U14/CO (FADDX1_RVT)                            0.12     144.61 r
  intadd_2/U13/CO (FADDX1_RVT)                            0.12     144.73 r
  intadd_2/U12/CO (FADDX1_RVT)                            0.12     144.85 r
  intadd_2/U11/CO (FADDX1_RVT)                            0.12     144.97 r
  intadd_2/U10/CO (FADDX1_RVT)                            0.12     145.08 r
  intadd_2/U9/CO (FADDX1_RVT)                             0.12     145.20 r
  intadd_2/U8/CO (FADDX1_RVT)                             0.12     145.32 r
  intadd_2/U7/CO (FADDX1_RVT)                             0.12     145.44 r
  intadd_2/U6/CO (FADDX1_RVT)                             0.12     145.55 r
  intadd_2/U5/CO (FADDX1_RVT)                             0.12     145.67 r
  intadd_2/U4/CO (FADDX1_RVT)                             0.12     145.79 r
  intadd_2/U3/S (FADDX1_RVT)                              0.16     145.95 f
  U274/Y (INVX0_RVT)                                      0.06     146.01 r
  intadd_1/U5/CO (FADDX1_RVT)                             0.14     146.15 r
  intadd_1/U4/S (FADDX1_RVT)                              0.17     146.32 f
  intadd_0/U4/S (FADDX1_RVT)                              0.21     146.53 r
  U413/Y (AND2X1_RVT)                                     0.07     146.60 r
  u_cic/u_integradores/int3_reg[15]/D (SDFFX1_RVT)        0.01     146.61 r
  data arrival time                                                146.61

  clock clk (rise edge)                                 208.33     208.33
  clock network delay (ideal)                             0.00     208.33
  clock uncertainty                                      -1.00     207.33
  u_cic/u_integradores/int3_reg[15]/CLK (SDFFX1_RVT)      0.00     207.33 r
  library setup time                                     -0.10     207.24
  data required time                                               207.24
  --------------------------------------------------------------------------
  data required time                                               207.24
  data arrival time                                               -146.61
  --------------------------------------------------------------------------
  slack (MET)                                                       60.63


1
