Information: The command 'check_routes' cleared the undo history. (UNDO-016)
INFO: wire-opt feature for router enabled
INFO: wire-opt feature for router enabled
Cell Min-Routing-Layer = M1
Cell Max-Routing-Layer = M8
Turn off antenna since no rule is specified
Information: Option route.detail.force_end_on_preferred_grid will be ignored since none of the layers have preferred grid. (ZRT-703)
Warning: Cannot find a default contact code for layer CO. (ZRT-022)
Info: number of net_type_blockage: 0 
Information: Via ladder engine would be activated for pattern must join connection in certain commands. Please refer to man-page for the command list. (ZRT-619)
Information: AutoNdr rule can't be found. Check the settings.
Information: When applicable Min-max layer allow_pin_connection mode will allow paths of length 5.32 outside the layer range. (ZRT-707)
Information: When applicable Min-max layer allow_pin_connection mode will allow paths of length 5.32 outside the layer range on clock nets. (ZRT-718)
Information: When applicable layer based tapering will taper up to 0.00 in distance from the pin. (ZRT-706)


Start checking for open nets ... 

Total number of nets = 12048, of which 0 are not extracted
Total number of open nets = 0, of which 0 are frozen

Check 12048 nets, 0 have Errors

[CHECK OPEN NETS] Elapsed real time: 0:00:00 
[CHECK OPEN NETS] Elapsed cpu  time: sys=0:00:00 usr=0:00:00 total=0:00:00
[CHECK OPEN NETS] Stage (MB): Used    0  Alloctr    0  Proc    0 
[CHECK OPEN NETS] Total (MB): Used    0  Alloctr    0  Proc 5212 
Printing options for 'route.common.*'
common.eco_route_fix_existing_drc                       :	 true                
common.verbose_level                                    :	 0                   

Printing options for 'route.detail.*'
detail.eco_route_use_soft_spacing_for_timing_optimization:	 true                
detail.enable_auto_ndr_flow                             :	 true                

Printing options for 'route.auto_via_ladder.*'

There are 0 out of total 12048 nets with relaxed min layer from GR.

Begin full DRC check ...

Information: Using 1 threads for routing. (ZRT-444)
Checked	1/16 Partitions, Violations =	4
Checked	2/16 Partitions, Violations =	4
Checked	3/16 Partitions, Violations =	12
Checked	4/16 Partitions, Violations =	15
Checked	5/16 Partitions, Violations =	15
Checked	6/16 Partitions, Violations =	15
Checked	7/16 Partitions, Violations =	15
Checked	8/16 Partitions, Violations =	23
Checked	9/16 Partitions, Violations =	28
Checked	10/16 Partitions, Violations =	29
Checked	11/16 Partitions, Violations =	31
Checked	12/16 Partitions, Violations =	33
Checked	13/16 Partitions, Violations =	34
Checked	14/16 Partitions, Violations =	37
Checked	15/16 Partitions, Violations =	38
Checked	16/16 Partitions, Violations =	41
[DRC CHECK] Elapsed real time: 0:00:04 
[DRC CHECK] Elapsed cpu  time: sys=0:00:00 usr=0:00:04 total=0:00:04
[DRC CHECK] Stage (MB): Used    0  Alloctr    0  Proc    0 
[DRC CHECK] Total (MB): Used    0  Alloctr    0  Proc 5212 
Warning: No antenna rules defined, Skip antenna analysis. (ZRT-309)

DRC-SUMMARY:
	@@@@@@@ TOTAL VIOLATIONS =	41
	Off-grid : 41

Information: The app option "route.detail.report_soft_drc_separately" will be on-by-default in future release. (ZRT-807)
	@@@@@@@ TOTAL SOFT VIOLATIONS =	0


Total Wire Length =                    219125 micron
Total Number of Contacts =             77169
Total Number of Wires =                72250
Total Number of PtConns =              11211
Total Number of Routed Wires =       72243
Total Routed Wire Length =           217861 micron
Total Number of Routed Contacts =       77169
	Layer                 M1 :       2330 micron
	Layer                 M2 :      75958 micron
	Layer                 M3 :      79014 micron
	Layer                 M4 :      14097 micron
	Layer                 M5 :      36648 micron
	Layer                 M6 :       1102 micron
	Layer                 M7 :       8443 micron
	Layer                 M8 :         32 micron
	Layer                 M9 :        237 micron
	Layer               MRDL :          0 micron
	Via              VIA89_C :         12
	Via       VIA78SQ_C(rot) :          7
	Via   VIA78SQ_C(rot)_1x2 :          5
	Via            VIA67SQ_C :        356
	Via       VIA56SQ_C(rot) :        344
	Via            VIA45SQ_C :       2375
	Via            VIA34SQ_C :         17
	Via       VIA34SQ_C(rot) :       4304
	Via            VIA23SQ_C :      34102
	Via       VIA23SQ_C(rot) :        393
	Via            VIA12SQ_C :       2122
	Via       VIA12SQ_C(rot) :      33090
	Via   VIA12SQ_C(rot)_1x2 :          2
	Via        VIA12SQ_C_1x2 :          2
	Via          VIA12SQ_1x2 :         38

 
Redundant via conversion report:
--------------------------------

  Total optimized via conversion rate =  0.06% (47 / 77169 vias)
 
    Layer VIA1       =  0.12% (42     / 35254   vias)
        Weight 1     =  0.12% (42      vias)
        Un-optimized =  0.00% (0       vias)
        Un-mapped    = 99.88% (35212   vias)
    Layer VIA2       =  0.00% (0      / 34495   vias)
        Un-optimized =  0.00% (0       vias)
        Un-mapped    = 100.00% (34495   vias)
    Layer VIA3       =  0.00% (0      / 4321    vias)
        Un-optimized =  0.00% (0       vias)
        Un-mapped    = 100.00% (4321    vias)
    Layer VIA4       =  0.00% (0      / 2375    vias)
        Un-optimized =  0.00% (0       vias)
        Un-mapped    = 100.00% (2375    vias)
    Layer VIA5       =  0.00% (0      / 344     vias)
        Un-optimized =  0.00% (0       vias)
        Un-mapped    = 100.00% (344     vias)
    Layer VIA6       =  0.00% (0      / 356     vias)
        Un-optimized =  0.00% (0       vias)
        Un-mapped    = 100.00% (356     vias)
    Layer VIA7       = 41.67% (5      / 12      vias)
        Weight 1     = 41.67% (5       vias)
        Un-optimized =  0.00% (0       vias)
        Un-mapped    = 58.33% (7       vias)
    Layer VIA8       =  0.00% (0      / 12      vias)
        Un-optimized =  0.00% (0       vias)
        Un-mapped    = 100.00% (12      vias)
 
  Total double via conversion rate    =  0.06% (47 / 77169 vias)
 
    Layer VIA1       =  0.12% (42     / 35254   vias)
    Layer VIA2       =  0.00% (0      / 34495   vias)
    Layer VIA3       =  0.00% (0      / 4321    vias)
    Layer VIA4       =  0.00% (0      / 2375    vias)
    Layer VIA5       =  0.00% (0      / 344     vias)
    Layer VIA6       =  0.00% (0      / 356     vias)
    Layer VIA7       = 41.67% (5      / 12      vias)
    Layer VIA8       =  0.00% (0      / 12      vias)
 
  The optimized via conversion rate based on total routed via count =  0.06% (47 / 77169 vias)
 
    Layer VIA1       =  0.12% (42     / 35254   vias)
        Weight 1     =  0.12% (42      vias)
        Un-optimized =  0.00% (0       vias)
        Un-mapped    = 99.88% (35212   vias)
    Layer VIA2       =  0.00% (0      / 34495   vias)
        Un-optimized =  0.00% (0       vias)
        Un-mapped    = 100.00% (34495   vias)
    Layer VIA3       =  0.00% (0      / 4321    vias)
        Un-optimized =  0.00% (0       vias)
        Un-mapped    = 100.00% (4321    vias)
    Layer VIA4       =  0.00% (0      / 2375    vias)
        Un-optimized =  0.00% (0       vias)
        Un-mapped    = 100.00% (2375    vias)
    Layer VIA5       =  0.00% (0      / 344     vias)
        Un-optimized =  0.00% (0       vias)
        Un-mapped    = 100.00% (344     vias)
    Layer VIA6       =  0.00% (0      / 356     vias)
        Un-optimized =  0.00% (0       vias)
        Un-mapped    = 100.00% (356     vias)
    Layer VIA7       = 41.67% (5      / 12      vias)
        Weight 1     = 41.67% (5       vias)
        Un-optimized =  0.00% (0       vias)
        Un-mapped    = 58.33% (7       vias)
    Layer VIA8       =  0.00% (0      / 12      vias)
        Un-optimized =  0.00% (0       vias)
        Un-mapped    = 100.00% (12      vias)
 


Verify Summary:

Total number of nets = 12048, of which 0 are not extracted
Total number of open nets = 0, of which 0 are frozen
Total number of excluded ports = 0 ports of 0 unplaced cells connected to 0 nets
                                 0 ports without pins of 0 cells connected to 0 nets
                                 0 ports of 0 cover cells connected to 0 non-pg nets

Total number of DRCs = 41
Total number of antenna violations = no antenna rules defined
Total number of tie to rail violations = not checked
Total number of tie to rail directly violations = not checked

Total number of DRCs on M3 and below = 41

